**********************
Windows PowerShell 脚本开始
开始时间: 20260922125618
用户名: FANXUHAO\23223
RunAs 用户: FANXUHAO\23223
配置名称: 
计算机: FANXUHAO (Microsoft Windows NT 10.0.26200.0)
主机应用程序: C:\WINDOWS\System32\WindowsPowerShell\v1.0\powershell.exe -NoProfile -NonInteractive -WindowStyle Hidden -ExecutionPolicy Bypass -File C:\Users\23223\mp1-challenge-20260919\repo\code\scripts\run_windows_job.ps1 -Job stage20 -RunId stage20-20260922-a
进程 ID: 5740
PSVersion: 5.1.26100.8875
PSEdition: Desktop
PSCompatibleVersions: 1.0, 2.0, 3.0, 4.0, 5.0, 5.1.26100.8875
BuildVersion: 10.0.26100.8875
CLRVersion: 4.0.30319.42000
WSManStackVersion: 3.0
PSRemotingProtocolVersion: 2.3
SerializationVersion: 1.1.0.1
**********************
已启动脚本，输出文件为 C:\Users\23223\mp1-challenge-20260919\repo\code\job-logs\stage20-20260922-a\console.log
OK      common.py
OK      evaluate.py
OK      model.py
OK      configs/baseline.json
OK      data/manifest.json
OK      data/tokenizer.json
OK      data/wikitext_train.txt
OK      data/wikitext_validation.txt
OK      data/wikitext_test.txt
OK      tests/test_contract.py
....
----------------------------------------------------------------------
Ran 4 tests in 0.646s

OK
  "old_bpb": 1.4733351642965178,
  "optimized_bpb": 1.4733352401741464,
  "max_abs_logp_error": 5.7220458984375e-06,
  "max_abs_log_normalization_error": 8.344650268554688e-07,
  "positive_count_floor": 8.301483010896183e-26,
  "unchanged_serialized_tensors": true,
  "new_gradient_targets": 0,
  "asset_bytes": 38147998,
  "equivalence_seconds": 150.9961123999965,
  "status": "full_validation_equivalence_passed_resource_measurement_pending",
  "note": "No test scoring, no weight/statistic/mixture selection; numerical tolerance is not bit-exact equality. This d
ual-model verification is not a timing gate."
}



Stage20 completed; inspect resource decision. No training or test scoring.
**********************
Windows PowerShell 脚本结束
结束时间: 20260922130604
**********************
