**********************
Windows PowerShell 脚本开始
开始时间: 20260923134418
用户名: FANXUHAO\23223
RunAs 用户: FANXUHAO\23223
配置名称: 
计算机: FANXUHAO (Microsoft Windows NT 10.0.26200.0)
主机应用程序: C:\WINDOWS\System32\WindowsPowerShell\v1.0\powershell.exe -NoProfile -NonInteractive -WindowStyle Hidden -ExecutionPolicy Bypass -File C:\Users\23223\mp1-challenge-20260919\repo\code\scripts\run_windows_job.ps1 -Job stage54 -RunId stage54-20260923-a
进程 ID: 66440
PSVersion: 5.1.26100.8875
PSEdition: Desktop
PSCompatibleVersions: 1.0, 2.0, 3.0, 4.0, 5.0, 5.1.26100.8875
BuildVersion: 10.0.26100.8875
CLRVersion: 4.0.30319.42000
WSManStackVersion: 3.0
PSRemotingProtocolVersion: 2.3
SerializationVersion: 1.1.0.1
**********************
已启动脚本，输出文件为 C:\Users\23223\mp1-challenge-20260919\repo\code\job-logs\stage54-20260923-a\console.log
OK      common.py
OK      evaluate.py
OK      model.py
OK      configs/baseline.json
OK      data/manifest.json
OK      data/tokenizer.json
OK      data/wikitext_train.txt
OK      data/wikitext_validation.txt
OK      data/wikitext_test.txt
OK      tests/test_contract.py
test_loss_gradients_and_exact_export (tests.test_hybrid_conv_rdrop.HybridConvRDropTests.test_loss_gradients_and_exact_ex
port) ... ok

----------------------------------------------------------------------
Ran 1 test in 0.371s

OK
    "nll_nats": 1138958.962254685,
    "targets": 376599,
    "utf8_bytes": 1148007,
    "seconds": 2.2566419999930076
  },
  "checkpoint_sha256": "a887330461018e14434131469536978b39ed5bcfb645a19e26c35c6c7cf2fe99",
  "device": "cuda:0",
  "device_name": "NVIDIA GeForce RTX 3070 Ti Laptop GPU",
  "peak_allocated_gb": 5.647986176,
  "peak_reserved_gb": 5.985271808
}




Stage54 complete: hybrid-conv R-Drop training; no test scoring.
**********************
Windows PowerShell 脚本结束
结束时间: 20260923141922
**********************
