**********************
Windows PowerShell 脚本开始
开始时间: 20260923124134
用户名: FANXUHAO\23223
RunAs 用户: FANXUHAO\23223
配置名称: 
计算机: FANXUHAO (Microsoft Windows NT 10.0.26200.0)
主机应用程序: C:\WINDOWS\System32\WindowsPowerShell\v1.0\powershell.exe -NoProfile -NonInteractive -WindowStyle Hidden -ExecutionPolicy Bypass -File C:\Users\23223\mp1-challenge-20260919\repo\code\scripts\run_windows_job.ps1 -Job stage47 -RunId stage47-20260923-a
进程 ID: 69880
PSVersion: 5.1.26100.8875
PSEdition: Desktop
PSCompatibleVersions: 1.0, 2.0, 3.0, 4.0, 5.0, 5.1.26100.8875
BuildVersion: 10.0.26100.8875
CLRVersion: 4.0.30319.42000
WSManStackVersion: 3.0
PSRemotingProtocolVersion: 2.3
SerializationVersion: 1.1.0.1
**********************
已启动脚本，输出文件为 C:\Users\23223\mp1-challenge-20260919\repo\code\job-logs\stage47-20260923-a\console.log
OK      common.py
OK      evaluate.py
OK      model.py
OK      configs/baseline.json
OK      data/manifest.json
OK      data/tokenizer.json
OK      data/wikitext_train.txt
OK      data/wikitext_validation.txt
OK      data/wikitext_test.txt
OK      tests/test_contract.py
test_loss_gradients_and_export (tests.test_rdrop.RDropTests.test_loss_gradients_and_export) ... ok

----------------------------------------------------------------------
Ran 1 test in 1.042s

OK
    "token_ppl": 21.511748286605073,
    "nll_nats": 1155631.3968352478,
    "targets": 376599,
    "utf8_bytes": 1148007,
    "seconds": 2.098820200015325
  },
  "checkpoint_sha256": "ff5e5751014fea800faad5ed0322e038eb5116de826c4133dc9b4506c6549237",
  "device": "cuda:0",
  "device_name": "NVIDIA GeForce RTX 3070 Ti Laptop GPU",
  "peak_allocated_gb": 4.164823552,
  "peak_reserved_gb": 4.332716032
}




Stage47 complete: training-only R-Drop ablation; no test scoring.
**********************
Windows PowerShell 脚本结束
结束时间: 20260923131401
**********************
