**********************
Windows PowerShell 脚本开始
开始时间: 20260923132346
用户名: FANXUHAO\23223
RunAs 用户: FANXUHAO\23223
配置名称: 
计算机: FANXUHAO (Microsoft Windows NT 10.0.26200.0)
主机应用程序: C:\WINDOWS\System32\WindowsPowerShell\v1.0\powershell.exe -NoProfile -NonInteractive -WindowStyle Hidden -ExecutionPolicy Bypass -File C:\Users\23223\mp1-challenge-20260919\repo\code\scripts\run_windows_job.ps1 -Job stage50 -RunId stage50-20260923-a
进程 ID: 76664
PSVersion: 5.1.26100.8875
PSEdition: Desktop
PSCompatibleVersions: 1.0, 2.0, 3.0, 4.0, 5.0, 5.1.26100.8875
BuildVersion: 10.0.26100.8875
CLRVersion: 4.0.30319.42000
WSManStackVersion: 3.0
PSRemotingProtocolVersion: 2.3
SerializationVersion: 1.1.0.1
**********************
已启动脚本，输出文件为 C:\Users\23223\mp1-challenge-20260919\repo\code\job-logs\stage50-20260923-a\console.log
OK      common.py
OK      evaluate.py
OK      model.py
OK      configs/baseline.json
OK      data/manifest.json
OK      data/tokenizer.json
OK      data/wikitext_train.txt
OK      data/wikitext_validation.txt
OK      data/wikitext_test.txt
OK      tests/test_contract.py
        "order_2": 0.015566259262971685,
        "order_3": -0.06257486949056743,
        "order_4": -0.030302564471075873,
        "order_5": 0.0997883337967768
      },
      "bias": -2.54263648586731
    }
  ],
  "crossfit_bpb": 1.4369943012503716,
  "targets": 376599,
  "utf8_bytes": 1148007,
  "seconds": 78.36713700002292,
  "validation_fit_diagnostic_only": true,
  "exported_checkpoint": false,
  "next_gate": "Only if cross-fit materially beats the fixed mixture, fit the same gate using a separately trained train
-only proxy neural expert.",
  "source_sha256": "3fbcc817e4bf8ab51f8f1793003d21f830f27f9e2a51494c61a76837517fc1e1"
}

Stage50 complete: validation-only cross-fit gate diagnostic; no export or test scoring.
**********************
Windows PowerShell 脚本结束
结束时间: 20260923132510
**********************
