**********************
Windows PowerShell 脚本开始
开始时间: 20260922191405
用户名: FANXUHAO\23223
RunAs 用户: FANXUHAO\23223
配置名称: 
计算机: FANXUHAO (Microsoft Windows NT 10.0.26200.0)
主机应用程序: C:\WINDOWS\System32\WindowsPowerShell\v1.0\powershell.exe -NoProfile -NonInteractive -WindowStyle Hidden -ExecutionPolicy Bypass -File C:\Users\23223\mp1-challenge-20260919\repo\code\scripts\run_windows_job.ps1 -Job stage31 -RunId stage31-20260922-a
进程 ID: 58496
PSVersion: 5.1.26100.8875
PSEdition: Desktop
PSCompatibleVersions: 1.0, 2.0, 3.0, 4.0, 5.0, 5.1.26100.8875
BuildVersion: 10.0.26100.8875
CLRVersion: 4.0.30319.42000
WSManStackVersion: 3.0
PSRemotingProtocolVersion: 2.3
SerializationVersion: 1.1.0.1
**********************
已启动脚本，输出文件为 C:\Users\23223\mp1-challenge-20260919\repo\code\job-logs\stage31-20260922-a\console.log
OK      common.py
OK      evaluate.py
OK      model.py
OK      configs/baseline.json
OK      data/manifest.json
OK      data/tokenizer.json
OK      data/wikitext_train.txt
OK      data/wikitext_validation.txt
OK      data/wikitext_test.txt
OK      tests/test_contract.py
      "mixture_weight": 0.15,
      "nll_nats": 1154120.7218059376,
      "bpb": 1.4503781265589992
    },
    {
      "temperature": 1.0,
      "unigram_prior_weight": 0.0,
      "copy_gate_shift": 0.0,
      "mixture_weight": 0.1,
      "nll_nats": 1153229.4293311462,
      "bpb": 1.449258043464242
    },
    {
      "temperature": 1.0,
      "unigram_prior_weight": 0.0,
      "copy_gate_shift": 0.0,
      "mixture_weight": 0.125,
      "nll_nats": 1152943.2212654352,

Stage31 complete: coarse scalar calibration diagnostic; no test scoring.
**********************
Windows PowerShell 脚本结束
结束时间: 20260922191438
**********************
