**********************
Windows PowerShell 脚本开始
开始时间: 20260922201104
用户名: FANXUHAO\23223
RunAs 用户: FANXUHAO\23223
配置名称: 
计算机: FANXUHAO (Microsoft Windows NT 10.0.26200.0)
主机应用程序: C:\WINDOWS\System32\WindowsPowerShell\v1.0\powershell.exe -NoProfile -NonInteractive -WindowStyle Hidden -ExecutionPolicy Bypass -File C:\Users\23223\mp1-challenge-20260919\repo\code\scripts\run_windows_job.ps1 -Job stage37 -RunId stage37-20260922-a
进程 ID: 71644
PSVersion: 5.1.26100.8875
PSEdition: Desktop
PSCompatibleVersions: 1.0, 2.0, 3.0, 4.0, 5.0, 5.1.26100.8875
BuildVersion: 10.0.26100.8875
CLRVersion: 4.0.30319.42000
WSManStackVersion: 3.0
PSRemotingProtocolVersion: 2.3
SerializationVersion: 1.1.0.1
**********************
已启动脚本，输出文件为 C:\Users\23223\mp1-challenge-20260919\repo\code\job-logs\stage37-20260922-a\console.log
OK      common.py
OK      evaluate.py
OK      model.py
OK      configs/baseline.json
OK      data/manifest.json
OK      data/tokenizer.json
OK      data/wikitext_train.txt
OK      data/wikitext_validation.txt
OK      data/wikitext_test.txt
OK      tests/test_contract.py
test_matches_direct_probability_formula_and_normalizes (tests.test_calibrated_collapsed.CalibratedCollapsedTests.test_ma
tches_direct_probability_formula_and_normalizes) ... ok
test_training_path_has_finite_neural_gradients (tests.test_calibrated_collapsed.CalibratedCollapsedTests.test_training_p
ath_has_finite_neural_gradients) ... ok

----------------------------------------------------------------------
Ran 2 tests in 0.078s

OK
Traceback (most recent call last):
  File "C:\Users\23223\mp1-challenge-20260919\repo\code\scripts\prepare_stage37_calibrated.py", line 124, in <module>
    main()
  File "C:\Users\23223\mp1-challenge-20260919\repo\code\scripts\prepare_stage37_calibrated.py", line 83, in main
    raise ValueError("Full-output calibration equivalence failed")
ValueError: Full-output calibration equivalence failed
PS>TerminatingError():“Stage37 serialization/equivalence failed”
Stage37 serialization/equivalence failed
所在位置 C:\Users\23223\mp1-challenge-20260919\repo\code\scripts\run_stage37_windows.ps1:14 字符: 28
+ ... TEXITCODE -ne 0) { throw "Stage37 serialization/equivalence failed" }
+                        ~~~~~~~~~~~~~~~~~~~~~~~~~~~~~~~~~~~~~~~~~~~~~~~~
    + CategoryInfo          : OperationStopped: (Stage37 serialization/equivalence failed:String) [], RuntimeException
    + FullyQualifiedErrorId : Stage37 serialization/equivalence failed
**********************
Windows PowerShell 脚本结束
结束时间: 20260922201128
**********************
