**********************
Windows PowerShell 脚本开始
开始时间: 20260922191809
用户名: FANXUHAO\23223
RunAs 用户: FANXUHAO\23223
配置名称: 
计算机: FANXUHAO (Microsoft Windows NT 10.0.26200.0)
主机应用程序: C:\WINDOWS\System32\WindowsPowerShell\v1.0\powershell.exe -NoProfile -NonInteractive -WindowStyle Hidden -ExecutionPolicy Bypass -File C:\Users\23223\mp1-challenge-20260919\repo\code\scripts\run_windows_job.ps1 -Job stage32 -RunId stage32-20260922-a
进程 ID: 59264
PSVersion: 5.1.26100.8875
PSEdition: Desktop
PSCompatibleVersions: 1.0, 2.0, 3.0, 4.0, 5.0, 5.1.26100.8875
BuildVersion: 10.0.26100.8875
CLRVersion: 4.0.30319.42000
WSManStackVersion: 3.0
PSRemotingProtocolVersion: 2.3
SerializationVersion: 1.1.0.1
**********************
已启动脚本，输出文件为 C:\Users\23223\mp1-challenge-20260919\repo\code\job-logs\stage32-20260922-a\console.log
OK      common.py
OK      evaluate.py
OK      model.py
OK      configs/baseline.json
OK      data/manifest.json
OK      data/tokenizer.json
OK      data/wikitext_train.txt
OK      data/wikitext_validation.txt
OK      data/wikitext_test.txt
OK      tests/test_contract.py
      "mixture_weight": 0.1125,
      "nll_nats": 1153205.7198925838,
      "bpb": 1.4492282479234164
    },
    {
      "temperature": 1.0,
      "unigram_prior_weight": 0.025,
      "copy_gate_shift": 0.5,
      "mixture_weight": 0.125,
      "nll_nats": 1153039.036461413,
      "bpb": 1.4490187776331234
    },
    {
      "temperature": 1.0,
      "unigram_prior_weight": 0.025,
      "copy_gate_shift": 0.5,
      "mixture_weight": 0.1375,
      "nll_nats": 1152994.0

Stage32 complete: final bounded scalar calibration screen; no test scoring.
**********************
Windows PowerShell 脚本结束
结束时间: 20260922192027
**********************
