**********************
Windows PowerShell 脚本开始
开始时间: 20260925154518
用户名: FANXUHAO\23223
RunAs 用户: FANXUHAO\23223
配置名称: 
计算机: FANXUHAO (Microsoft Windows NT 10.0.26200.0)
主机应用程序: C:\WINDOWS\System32\WindowsPowerShell\v1.0\powershell.exe -NoProfile -NonInteractive -WindowStyle Hidden -ExecutionPolicy Bypass -File C:\Users\23223\mp1-challenge-20260919\repo\code\scripts\run_stage154_pilot_windows.ps1
进程 ID: 81652
PSVersion: 5.1.26100.8875
PSEdition: Desktop
PSCompatibleVersions: 1.0, 2.0, 3.0, 4.0, 5.0, 5.1.26100.8875
BuildVersion: 10.0.26100.8875
CLRVersion: 4.0.30319.42000
WSManStackVersion: 3.0
PSRemotingProtocolVersion: 2.3
SerializationVersion: 1.1.0.1
**********************
OK      common.py
OK      evaluate.py
OK      model.py
OK      configs/baseline.json
OK      data/manifest.json
OK      data/tokenizer.json
OK      data/wikitext_train.txt
OK      data/wikitext_validation.txt
OK      data/wikitext_test.txt
OK      tests/test_contract.py
test_both_branches_receive_finite_gradients (tests.test_stage154_shared_last_block.SharedLastBlockTests.test_both_branch
es_receive_finite_gradients) ... ok
test_normalized_causal_independent (tests.test_stage154_shared_last_block.SharedLastBlockTests.test_normalized_causal_in
dependent) ... ok

----------------------------------------------------------------------
Ran 2 tests in 0.147s

OK
    "targets": 376599,
    "utf8_bytes": 1148007,
    "seconds": 5.86633550003171
  },
  "checkpoint_sha256": "5496eff0adce590d5d79d5dc7574163f0f7877fb0093ba23ae4c967abd5209c6",
  "device": "cuda:0",
  "device_name": "NVIDIA GeForce RTX 3070 Ti Laptop GPU",
  "peak_allocated_gb": 7.651160064,
  "peak_reserved_gb": 8.061452288
}

**********************
Windows PowerShell 脚本结束
结束时间: 20260925160651
**********************
