**********************
Windows PowerShell 脚本开始
开始时间: 20260922204011
用户名: FANXUHAO\23223
RunAs 用户: FANXUHAO\23223
配置名称: 
计算机: FANXUHAO (Microsoft Windows NT 10.0.26200.0)
主机应用程序: C:\WINDOWS\System32\WindowsPowerShell\v1.0\powershell.exe -NoProfile -NonInteractive -WindowStyle Hidden -ExecutionPolicy Bypass -File C:\Users\23223\mp1-challenge-20260919\repo\code\scripts\run_windows_job.ps1 -Job stage39 -RunId stage39-20260922-a
进程 ID: 46972
PSVersion: 5.1.26100.8875
PSEdition: Desktop
PSCompatibleVersions: 1.0, 2.0, 3.0, 4.0, 5.0, 5.1.26100.8875
BuildVersion: 10.0.26100.8875
CLRVersion: 4.0.30319.42000
WSManStackVersion: 3.0
PSRemotingProtocolVersion: 2.3
SerializationVersion: 1.1.0.1
**********************
已启动脚本，输出文件为 C:\Users\23223\mp1-challenge-20260919\repo\code\job-logs\stage39-20260922-a\console.log
OK      common.py
OK      evaluate.py
OK      model.py
OK      configs/baseline.json
OK      data/manifest.json
OK      data/tokenizer.json
OK      data/wikitext_train.txt
OK      data/wikitext_validation.txt
OK      data/wikitext_test.txt
OK      tests/test_contract.py
test_fast_temperature_association_is_tightly_equivalent (tests.test_calibrated_collapsed.CalibratedCollapsedTests.test_f
ast_temperature_association_is_tightly_equivalent) ... ok
test_matches_direct_probability_formula_and_normalizes (tests.test_calibrated_collapsed.CalibratedCollapsedTests.test_ma
tches_direct_probability_formula_and_normalizes) ... ok
test_training_path_has_finite_neural_gradients (tests.test_calibrated_collapsed.CalibratedCollapsedTests.test_training_p
ath_has_finite_neural_gradients) ... ok

----------------------------------------------------------------------
Ran 3 tests in 0.079s

OK
    "data/tokenizer.json": "020d1bc6aa4449c4f352b2e03d0e0fb4f39287f15297705e421b1fa7d817262e",
    "requirements.txt": "901a883f6b85ac79faaac149808f5eee8ec0ed0c36482255304c0124700319af"
  },
  "seconds": 119.22926960000768,
  "status": "fast_calibrated_full_validation_equivalence_passed_resources_pending",
  "no_test_scoring": true
}




Stage39 complete: inspect fast calibrated qualification; no test scoring.
**********************
Windows PowerShell 脚本结束
结束时间: 20260922204912
**********************
