**********************
Windows PowerShell 脚本开始
开始时间: 20260928123640
用户名: FANXUHAO\23223
RunAs 用户: FANXUHAO\23223
配置名称: 
计算机: FANXUHAO (Microsoft Windows NT 10.0.26200.0)
主机应用程序: C:\WINDOWS\System32\WindowsPowerShell\v1.0\powershell.exe -NoProfile -NonInteractive -WindowStyle Hidden -ExecutionPolicy Bypass -File C:\Users\23223\mp1-challenge-20260919\repo\code\scripts\run_stage219_windows.ps1
进程 ID: 20672
PSVersion: 5.1.26100.9444
PSEdition: Desktop
PSCompatibleVersions: 1.0, 2.0, 3.0, 4.0, 5.0, 5.1.26100.9444
BuildVersion: 10.0.26100.9444
CLRVersion: 4.0.30319.42000
WSManStackVersion: 3.0
PSRemotingProtocolVersion: 2.3
SerializationVersion: 1.1.0.1
**********************
OK      common.py
OK      evaluate.py
OK      model.py
OK      configs/baseline.json
OK      data/manifest.json
OK      data/tokenizer.json
OK      data/wikitext_train.txt
OK      data/wikitext_validation.txt
OK      data/wikitext_test.txt
OK      tests/test_contract.py
    "targets": 376599,
    "utf8_bytes": 1148007,
    "seconds": 2.854913700000907
  },
  "best_validation": {
    "step": 4800,
    "bpb": 1.4062903032692367,
    "token_ppl": 19.51985481095851,
    "nll_nats": 1119038.3736194326,
    "targets": 376599,
    "utf8_bytes": 1148007,
    "seconds": 2.854913700000907
  },
  "checkpoint_sha256": "9ce6e027a42311018c99e9f8419b136f52605ab21791aeb8b86f6d02a459fe77",
  "device": "cuda:0",
  "device_name": "NVIDIA GeForce RTX 3070 Ti Laptop GPU",
  "peak_allocated_gb": 5.275999232,
  "peak_reserved_gb": 5.502926848
}



**********************
Windows PowerShell 脚本结束
结束时间: 20260928125831
**********************
