**********************
Windows PowerShell 脚本开始
开始时间: 20260925182412
用户名: FANXUHAO\23223
RunAs 用户: FANXUHAO\23223
配置名称: 
计算机: FANXUHAO (Microsoft Windows NT 10.0.26200.0)
主机应用程序: C:\WINDOWS\System32\WindowsPowerShell\v1.0\powershell.exe -NoProfile -NonInteractive -WindowStyle Hidden -ExecutionPolicy Bypass -File C:\Users\23223\mp1-challenge-20260919\repo\code\scripts\run_stage160_pilot_windows.ps1
进程 ID: 89244
PSVersion: 5.1.26100.8875
PSEdition: Desktop
PSCompatibleVersions: 1.0, 2.0, 3.0, 4.0, 5.0, 5.1.26100.8875
BuildVersion: 10.0.26100.8875
CLRVersion: 4.0.30319.42000
WSManStackVersion: 3.0
PSRemotingProtocolVersion: 2.3
SerializationVersion: 1.1.0.1
**********************
OK      common.py
OK      evaluate.py
OK      model.py
OK      configs/baseline.json
OK      data/manifest.json
OK      data/tokenizer.json
OK      data/wikitext_train.txt
OK      data/wikitext_validation.txt
OK      data/wikitext_test.txt
OK      tests/test_contract.py
    "seconds": 4.710956200025976
  },
  "best_validation": {
    "step": 0,
    "bpb": 1.3996861951526893,
    "token_ppl": 19.249362453229796,
    "nll_nats": 1113783.23505468,
    "targets": 376599,
    "utf8_bytes": 1148007,
    "seconds": 5.772643700009212
  },
  "endpoint_gain_vs_stage143_bpb": -0.002993462617879139,
  "pilot_gate_passed": false,
  "checkpoint_sha256": "8e1c4f8f78399ba879b3eed852ea4a711febf40df7fe79dc57b5dd8f979ec3e0",
  "device": "cuda:0",
  "device_name": "NVIDIA GeForce RTX 3070 Ti Laptop GPU",
  "peak_allocated_gb": 0.462928384,
  "peak_reserved_gb": 0.719323136
}

**********************
Windows PowerShell 脚本结束
结束时间: 20260925182850
**********************
