**********************
Windows PowerShell 脚本开始
开始时间: 20260922224021
用户名: FANXUHAO\23223
RunAs 用户: FANXUHAO\23223
配置名称: 
计算机: FANXUHAO (Microsoft Windows NT 10.0.26200.0)
主机应用程序: C:\WINDOWS\System32\WindowsPowerShell\v1.0\powershell.exe -NoProfile -NonInteractive -WindowStyle Hidden -ExecutionPolicy Bypass -File C:\Users\23223\mp1-challenge-20260919\repo\code\scripts\run_windows_job.ps1 -Job stage48 -RunId stage48-20260922-c
进程 ID: 73568
PSVersion: 5.1.26100.8875
PSEdition: Desktop
PSCompatibleVersions: 1.0, 2.0, 3.0, 4.0, 5.0, 5.1.26100.8875
BuildVersion: 10.0.26100.8875
CLRVersion: 4.0.30319.42000
WSManStackVersion: 3.0
PSRemotingProtocolVersion: 2.3
SerializationVersion: 1.1.0.1
**********************
已启动脚本，输出文件为 C:\Users\23223\mp1-challenge-20260919\repo\code\job-logs\stage48-20260922-c\console.log
OK      common.py
OK      evaluate.py
OK      model.py
OK      configs/baseline.json
OK      data/manifest.json
OK      data/tokenizer.json
OK      data/wikitext_train.txt
OK      data/wikitext_validation.txt
OK      data/wikitext_test.txt
OK      tests/test_contract.py
test_autocast_dispatch_dtype (tests.test_moe.MoETests.test_autocast_dispatch_dtype) ... ok
test_capacity_and_active_hidden_budget (tests.test_moe.MoETests.test_capacity_and_active_hidden_budget) ... ok
test_causality (tests.test_moe.MoETests.test_causality) ... ok
test_dense_training_and_sparse_eval_dispatch_agree (tests.test_moe.MoETests.test_dense_training_and_sparse_eval_dispatch
_agree) ... ok
test_training_gradients_and_export_equivalence (tests.test_moe.MoETests.test_training_gradients_and_export_equivalence)
... ok

----------------------------------------------------------------------
Ran 5 tests in 1.348s

OK
  "checkpoint_sha256": "f5f00c3841dbb585472ed1d11ec5abcb3064c0fe94ca5e646c4b71aa0756c760",
  "device": "cuda:0",
  "device_name": "NVIDIA GeForce RTX 3070 Ti Laptop GPU",
  "peak_allocated_gb": 2.32527616,
  "peak_reserved_gb": 2.49561088
}




Stage48 complete: matched-target top-1 MoE training; no test scoring.
**********************
Windows PowerShell 脚本结束
结束时间: 20260922231540
**********************
