**********************
Windows PowerShell 脚本开始
开始时间: 20260922211201
用户名: FANXUHAO\23223
RunAs 用户: FANXUHAO\23223
配置名称: 
计算机: FANXUHAO (Microsoft Windows NT 10.0.26200.0)
主机应用程序: C:\WINDOWS\System32\WindowsPowerShell\v1.0\powershell.exe -NoProfile -NonInteractive -WindowStyle Hidden -ExecutionPolicy Bypass -File C:\Users\23223\mp1-challenge-20260919\repo\code\scripts\run_windows_job.ps1 -Job stage40 -RunId stage40-20260922-a
进程 ID: 16100
PSVersion: 5.1.26100.8875
PSEdition: Desktop
PSCompatibleVersions: 1.0, 2.0, 3.0, 4.0, 5.0, 5.1.26100.8875
BuildVersion: 10.0.26100.8875
CLRVersion: 4.0.30319.42000
WSManStackVersion: 3.0
PSRemotingProtocolVersion: 2.3
SerializationVersion: 1.1.0.1
**********************
已启动脚本，输出文件为 C:\Users\23223\mp1-challenge-20260919\repo\code\job-logs\stage40-20260922-a\console.log
OK      common.py
OK      evaluate.py
OK      model.py
OK      configs/baseline.json
OK      data/manifest.json
OK      data/tokenizer.json
OK      data/wikitext_train.txt
OK      data/wikitext_validation.txt
OK      data/wikitext_test.txt
OK      tests/test_contract.py
test_causal_normalized_reentrant_and_serializable (tests.test_successor_only.SuccessorOnlyTests.test_causal_normalized_r
eentrant_and_serializable) ... ok
test_full_config_parameter_count_matches_stage26 (tests.test_successor_only.SuccessorOnlyTests.test_full_config_paramete
r_count_matches_stage26) ... ok
test_training_loss_has_finite_gradients (tests.test_successor_only.SuccessorOnlyTests.test_training_loss_has_finite_grad
ients) ... ok
test_uniform_alignment_and_empty_first_route (tests.test_successor_only.SuccessorOnlyTests.test_uniform_alignment_and_em
pty_first_route) ... ok

----------------------------------------------------------------------
Ran 4 tests in 0.255s

OK
  "device": "cuda:0",
  "device_name": "NVIDIA GeForce RTX 3070 Ti Laptop GPU",
  "peak_allocated_gb": 2.021590528,
  "peak_reserved_gb": 2.18103808
}




Stage40 complete: successor-only matched architecture test; no test scoring.
**********************
Windows PowerShell 脚本结束
结束时间: 20260922212954
**********************
