**********************
Windows PowerShell 脚本开始
开始时间: 20260925194926
用户名: FANXUHAO\23223
RunAs 用户: FANXUHAO\23223
配置名称: 
计算机: FANXUHAO (Microsoft Windows NT 10.0.26200.0)
主机应用程序: C:\WINDOWS\System32\WindowsPowerShell\v1.0\powershell.exe -NoProfile -NonInteractive -WindowStyle Hidden -ExecutionPolicy Bypass -File C:\Users\23223\mp1-challenge-20260919\repo\code\scripts\run_stage164_pilot_windows.ps1
进程 ID: 90428
PSVersion: 5.1.26100.8875
PSEdition: Desktop
PSCompatibleVersions: 1.0, 2.0, 3.0, 4.0, 5.0, 5.1.26100.8875
BuildVersion: 10.0.26100.8875
CLRVersion: 4.0.30319.42000
WSManStackVersion: 3.0
PSRemotingProtocolVersion: 2.3
SerializationVersion: 1.1.0.1
**********************
OK      common.py
OK      evaluate.py
OK      model.py
OK      configs/baseline.json
OK      data/manifest.json
OK      data/tokenizer.json
OK      data/wikitext_train.txt
OK      data/wikitext_validation.txt
OK      data/wikitext_test.txt
OK      tests/test_contract.py
test_causal_normalized_and_independent (tests.test_stage164_dilated_hybrid.DilatedHybridTests.test_causal_normalized_and
_independent) ... ok
test_finite_training_gradients (tests.test_stage164_dilated_hybrid.DilatedHybridTests.test_finite_training_gradients) ..
. ok
test_same_initial_weights_and_all_one_equivalence (tests.test_stage164_dilated_hybrid.DilatedHybridTests.test_same_initi
al_weights_and_all_one_equivalence) ... ok

----------------------------------------------------------------------
Ran 3 tests in 0.747s

OK
    "seconds": 2.167935299919918
  },
  "checkpoint_sha256": "455f9a949a193555ef0ea293de37b98eae55ce7de9beaf3bde3142e720af5b66",
  "device": "cuda:0",
  "device_name": "NVIDIA GeForce RTX 3070 Ti Laptop GPU",
  "peak_allocated_gb": 5.648338432,
  "peak_reserved_gb": 5.974786048
}

**********************
Windows PowerShell 脚本结束
结束时间: 20260925200041
**********************
