**********************
Windows PowerShell 脚本开始
开始时间: 20260925214456
用户名: FANXUHAO\23223
RunAs 用户: FANXUHAO\23223
配置名称: 
计算机: FANXUHAO (Microsoft Windows NT 10.0.26200.0)
主机应用程序: C:\WINDOWS\System32\WindowsPowerShell\v1.0\powershell.exe -NoProfile -NonInteractive -WindowStyle Hidden -ExecutionPolicy Bypass -File C:\Users\23223\mp1-challenge-20260919\repo\code\scripts\run_stage169_pilot_windows.ps1
进程 ID: 83720
PSVersion: 5.1.26100.8875
PSEdition: Desktop
PSCompatibleVersions: 1.0, 2.0, 3.0, 4.0, 5.0, 5.1.26100.8875
BuildVersion: 10.0.26100.8875
CLRVersion: 4.0.30319.42000
WSManStackVersion: 3.0
PSRemotingProtocolVersion: 2.3
SerializationVersion: 1.1.0.1
**********************
OK      common.py
OK      evaluate.py
OK      model.py
OK      configs/baseline.json
OK      data/manifest.json
OK      data/tokenizer.json
OK      data/wikitext_train.txt
OK      data/wikitext_validation.txt
OK      data/wikitext_test.txt
OK      tests/test_contract.py
test_order5_features_match_prior_diagnostic (tests.test_stage100_gate_features.Stage100GateFeatureTests.test_order5_feat
ures_match_prior_diagnostic) ... ok

----------------------------------------------------------------------
Ran 1 test in 0.020s

OK
  "teacher_final_bpb": 1.399440139063785,
  "control_final_bpb": 1.4039159283263247,
  "teacher_gain_from_stage143": 0.00024602297835607523,
  "teacher_gain_over_hard_only": 0.0044757892625397755,
  "continuation_gate_passed": false,
  "teacher_checkpoint_sha256": "bfb026ec30342f659e863b3a3d12dd5f4b30aa4cfc855a4a4fe317211c7d05aa",
  "control_checkpoint_sha256": "80f6e30c8aeec47120bcf9bb5d9b0affaa9c82c21499e05d5ec7d70a3831e35e",
  "device": "cuda:0",
  "device_name": "NVIDIA GeForce RTX 3070 Ti Laptop GPU",
  "peak_allocated_gb": 0.97856256,
  "peak_reserved_gb": 1.1010048
}

**********************
Windows PowerShell 脚本结束
结束时间: 20260925215302
**********************
