**********************
Windows PowerShell 脚本开始
开始时间: 20260923155322
用户名: FANXUHAO\23223
RunAs 用户: FANXUHAO\23223
配置名称: 
计算机: FANXUHAO (Microsoft Windows NT 10.0.26200.0)
主机应用程序: C:\WINDOWS\System32\WindowsPowerShell\v1.0\powershell.exe -NoProfile -NonInteractive -WindowStyle Hidden -ExecutionPolicy Bypass -File C:\Users\23223\mp1-challenge-20260919\repo\code\scripts\run_windows_job.ps1 -Job stage60 -RunId stage60-20260923-a
进程 ID: 73140
PSVersion: 5.1.26100.8875
PSEdition: Desktop
PSCompatibleVersions: 1.0, 2.0, 3.0, 4.0, 5.0, 5.1.26100.8875
BuildVersion: 10.0.26100.8875
CLRVersion: 4.0.30319.42000
WSManStackVersion: 3.0
PSRemotingProtocolVersion: 2.3
SerializationVersion: 1.1.0.1
**********************
已启动脚本，输出文件为 C:\Users\23223\mp1-challenge-20260919\repo\code\job-logs\stage60-20260923-a\console.log
OK      common.py
OK      evaluate.py
OK      model.py
OK      configs/baseline.json
OK      data/manifest.json
OK      data/tokenizer.json
OK      data/wikitext_train.txt
OK      data/wikitext_validation.txt
OK      data/wikitext_test.txt
OK      tests/test_contract.py
          },
          "bias": -2.6039592319708893
        }
      ],
      "crossfit_bpb": 1.4123768722013643,
      "deployability": "diagnostic_ceiling_requires_dense_count_statistics"
    }
  },
  "targets": 376599,
  "utf8_bytes": 1148007,
  "seconds": 88.10160610004095,
  "validation_fit_diagnostic_only": true,
  "exported_checkpoint": false,
  "no_test_scoring": true,
  "next_gate": "Train a proxy neural and temporary MKN excluding a calibration slice only if a low-overhead feature set
materially beats fixed weight.",
  "source_sha256": "85d7738473b899fac149aef0b92dd44e977e28466aff522fad37d6fffe571bca"
}

Stage60 complete: validation cross-fit diagnostic only; no export or test scoring.
**********************
Windows PowerShell 脚本结束
结束时间: 20260923155455
**********************
