**********************
Windows PowerShell 脚本开始
开始时间: 20260925163846
用户名: FANXUHAO\23223
RunAs 用户: FANXUHAO\23223
配置名称: 
计算机: FANXUHAO (Microsoft Windows NT 10.0.26200.0)
主机应用程序: C:\WINDOWS\System32\WindowsPowerShell\v1.0\powershell.exe -NoProfile -NonInteractive -WindowStyle Hidden -ExecutionPolicy Bypass -File C:\Users\23223\mp1-challenge-20260919\repo\code\scripts\run_stage155_full_windows.ps1
进程 ID: 84108
PSVersion: 5.1.26100.8875
PSEdition: Desktop
PSCompatibleVersions: 1.0, 2.0, 3.0, 4.0, 5.0, 5.1.26100.8875
BuildVersion: 10.0.26100.8875
CLRVersion: 4.0.30319.42000
WSManStackVersion: 3.0
PSRemotingProtocolVersion: 2.3
SerializationVersion: 1.1.0.1
**********************
OK      common.py
OK      evaluate.py
OK      model.py
OK      configs/baseline.json
OK      data/manifest.json
OK      data/tokenizer.json
OK      data/wikitext_train.txt
OK      data/wikitext_validation.txt
OK      data/wikitext_test.txt
OK      tests/test_contract.py
test_local_heavy_rdrop_export (tests.test_hybrid_conv_rdrop.HybridConvRDropTests.test_local_heavy_rdrop_export) ... ok
test_loss_gradients_and_exact_export (tests.test_hybrid_conv_rdrop.HybridConvRDropTests.test_loss_gradients_and_exact_ex
port) ... ok

----------------------------------------------------------------------
Ran 2 tests in 0.681s

OK
    "nll_nats": 1124522.8280398855,
    "targets": 376599,
    "utf8_bytes": 1148007,
    "seconds": 2.935003299964592
  },
  "checkpoint_sha256": "6c7e259edbc010d3fe2c5cfed96ca4da853fc308fdff86834d6d9b8c3022ee8e",
  "device": "cuda:0",
  "device_name": "NVIDIA GeForce RTX 3070 Ti Laptop GPU",
  "peak_allocated_gb": 5.280357376,
  "peak_reserved_gb": 5.507121152
}

**********************
Windows PowerShell 脚本结束
结束时间: 20260925171413
**********************
