**********************
Windows PowerShell 脚本开始
开始时间: 20260923155759
用户名: FANXUHAO\23223
RunAs 用户: FANXUHAO\23223
配置名称: 
计算机: FANXUHAO (Microsoft Windows NT 10.0.26200.0)
主机应用程序: C:\WINDOWS\System32\WindowsPowerShell\v1.0\powershell.exe -NoProfile -NonInteractive -WindowStyle Hidden -ExecutionPolicy Bypass -File C:\Users\23223\mp1-challenge-20260919\repo\code\scripts\run_windows_job.ps1 -Job stage61 -RunId stage61-20260923-a
进程 ID: 76184
PSVersion: 5.1.26100.8875
PSEdition: Desktop
PSCompatibleVersions: 1.0, 2.0, 3.0, 4.0, 5.0, 5.1.26100.8875
BuildVersion: 10.0.26100.8875
CLRVersion: 4.0.30319.42000
WSManStackVersion: 3.0
PSRemotingProtocolVersion: 2.3
SerializationVersion: 1.1.0.1
**********************
已启动脚本，输出文件为 C:\Users\23223\mp1-challenge-20260919\repo\code\job-logs\stage61-20260923-a\console.log
OK      common.py
OK      evaluate.py
OK      model.py
OK      configs/baseline.json
OK      data/manifest.json
OK      data/tokenizer.json
OK      data/wikitext_train.txt
OK      data/wikitext_validation.txt
OK      data/wikitext_test.txt
OK      tests/test_contract.py
    "utf8_bytes": 1148007,
    "seconds": 2.131586999981664
  },
  "best_validation": {
    "step": 4800,
    "bpb": 1.4176940582749942,
    "token_ppl": 19.99591088124676,
    "nll_nats": 1128112.7727140798,
    "targets": 376599,
    "utf8_bytes": 1148007,
    "seconds": 2.131586999981664
  },
  "checkpoint_sha256": "db5e49b7dc30178e6dd73f6cb41d45757963f0b3fcda1f85f7a7caa58b6abafa",
  "device": "cuda:0",
  "device_name": "NVIDIA GeForce RTX 3070 Ti Laptop GPU",
  "peak_allocated_gb": 5.649296896,
  "peak_reserved_gb": 5.947523072
}




Stage61 complete: second low-LR continuation and fixed averaging; no test scoring.
**********************
Windows PowerShell 脚本结束
结束时间: 20260923162150
**********************
