**********************
Windows PowerShell 脚本开始
开始时间: 20260922215142
用户名: FANXUHAO\23223
RunAs 用户: FANXUHAO\23223
配置名称: 
计算机: FANXUHAO (Microsoft Windows NT 10.0.26200.0)
主机应用程序: C:\WINDOWS\System32\WindowsPowerShell\v1.0\powershell.exe -NoProfile -NonInteractive -WindowStyle Hidden -ExecutionPolicy Bypass -File C:\Users\23223\mp1-challenge-20260919\repo\code\scripts\run_windows_job.ps1 -Job stage44 -RunId stage44-20260922-a
进程 ID: 39840
PSVersion: 5.1.26100.8875
PSEdition: Desktop
PSCompatibleVersions: 1.0, 2.0, 3.0, 4.0, 5.0, 5.1.26100.8875
BuildVersion: 10.0.26100.8875
CLRVersion: 4.0.30319.42000
WSManStackVersion: 3.0
PSRemotingProtocolVersion: 2.3
SerializationVersion: 1.1.0.1
**********************
已启动脚本，输出文件为 C:\Users\23223\mp1-challenge-20260919\repo\code\job-logs\stage44-20260922-a\console.log
OK      common.py
OK      evaluate.py
OK      model.py
OK      configs/baseline.json
OK      data/manifest.json
OK      data/tokenizer.json
OK      data/wikitext_train.txt
OK      data/wikitext_validation.txt
OK      data/wikitext_test.txt
OK      tests/test_contract.py
test_head_is_independent_and_parameter_increment_exact (tests.test_untied.UntiedTests.test_head_is_independent_and_param
eter_increment_exact) ... ok
test_training_gradients_and_export (tests.test_untied.UntiedTests.test_training_gradients_and_export) ... ok

----------------------------------------------------------------------
Ran 2 tests in 0.090s

OK
    "targets": 376599,
    "utf8_bytes": 1148007,
    "seconds": 2.0782618999946862
  },
  "checkpoint_sha256": "85b74a56383f1b1d496f10fa829b3ca6e702346ec343a51e06547a9ceedf6865",
  "device": "cuda:0",
  "device_name": "NVIDIA GeForce RTX 3070 Ti Laptop GPU",
  "peak_allocated_gb": 2.025734656,
  "peak_reserved_gb": 2.176843776
}




Stage44 complete: untied-output architecture ablation; no test scoring.
**********************
Windows PowerShell 脚本结束
结束时间: 20260922220927
**********************
