**********************
Windows PowerShell 脚本开始
开始时间: 20260924160417
用户名: Fanxuhao\23223
RunAs 用户: Fanxuhao\23223
配置名称: 
计算机: FANXUHAO (Microsoft Windows NT 10.0.26200.0)
主机应用程序: powershell.exe -NoProfile -NonInteractive -ExecutionPolicy Bypass -File C:\Users\23223\mp1-challenge-20260919\repo\code\scripts\run_windows_job.ps1 -Job stage85 -RunId stage85-20260924-a
进程 ID: 21540
PSVersion: 5.1.26100.8875
PSEdition: Desktop
PSCompatibleVersions: 1.0, 2.0, 3.0, 4.0, 5.0, 5.1.26100.8875
BuildVersion: 10.0.26100.8875
CLRVersion: 4.0.30319.42000
WSManStackVersion: 3.0
PSRemotingProtocolVersion: 2.3
SerializationVersion: 1.1.0.1
**********************
已启动脚本，输出文件为 C:\Users\23223\mp1-challenge-20260919\repo\code\job-logs\stage85-20260924-a\console.log



PS>TerminatingError():“Stage85 qualification failed”
Stage85 qualification failed
所在位置 C:\Users\23223\mp1-challenge-20260919\repo\code\scripts\run_stage85_windows.ps1:15 字符: 28
+ if ($LASTEXITCODE -ne 0) { throw "Stage85 qualification failed" }
+                            ~~~~~~~~~~~~~~~~~~~~~~~~~~~~~~~~~~~~
    + CategoryInfo          : OperationStopped: (Stage85 qualification failed:String) [], RuntimeException
    + FullyQualifiedErrorId : Stage85 qualification failed
**********************
Windows PowerShell 脚本结束
结束时间: 20260924160433
**********************
