Measured baseline, repeat 1/3
Measured candidate, repeat 1/3
Measured candidate, repeat 2/3
Measured baseline, repeat 2/3
Measured baseline, repeat 3/3
Measured candidate, repeat 3/3
{
  "split": "validation",
  "device": "cpu",
  "precision": "fp32",
  "threads": 4,
  "repeats": 3,
  "baseline": {
    "checkpoint": "C:\\Users\\23223\\mp1-challenge-20260919\\repo\\code\\runs\\stage3-long-baseline-s17\\checkpoint-best.pt",
    "checkpoint_sha256": "2e4b9e749796dc1d6d8a2e5aedc9482d961dcabd9740760e905f7ae117ba647d",
    "implementation_sha256": "6cce142a31d396f017319543f50d70f30fa6da740729af01c8baed13c6f671f9",
    "checkpoint_bytes": 4372037,
    "parameters": 1088256,
    "bpb_runs": [
      1.754262747787384,
      1.754262747787384,
      1.754262747787384
    ],
    "seconds_runs": [
      12.397581900004297,
      12.318079799995758,
      12.264759999990929
    ],
    "median_seconds": 12.318079799995758,
    "max_peak_rss_bytes": 1936199680,
    "runs": [
      {
        "bpb": 1.754262747787384,
        "token_ppl": 40.7185292524119,
        "nll_nats": 1395933.2064094555,
        "targets": 376599,
        "utf8_bytes": 1148007,
        "seconds": 12.397581900004297,
        "protocol": "7506-mp1-wt2-v2",
        "split": "validation",
        "precision": "fp32",
        "threads": 4,
        "checkpoint": "C:\\Users\\23223\\mp1-challenge-20260919\\repo\\code\\runs\\stage3-long-baseline-s17\\checkpoint-best.pt",
        "checkpoint_sha256": "2e4b9e749796dc1d6d8a2e5aedc9482d961dcabd9740760e905f7ae117ba647d",
        "checkpoint_bytes": 4372037,
        "implementation_sha256": "6cce142a31d396f017319543f50d70f30fa6da740729af01c8baed13c6f671f9",
        "evaluator_sha256": "128bcb2dab0be0d427505bddb4671e3ab3a8f78e114be79a689c0f9029af133d",
        "tokenizer_sha256": "020d1bc6aa4449c4f352b2e03d0e0fb4f39287f15297705e421b1fa7d817262e",
        "parameters": 1088256,
        "platform": "Windows-11-10.0.26200-SP0",
        "torch_version": "2.7.1+cu126",
        "peak_rss_bytes": 1935347712,
        "peak_committed_bytes": 3084935168,
        "memory_measurement": "Windows GetProcessMemoryInfo: lifetime peak working set and commit"
      },
      {
        "bpb": 1.754262747787384,
        "token_ppl": 40.7185292524119,
        "nll_nats": 1395933.2064094555,
        "targets": 376599,
        "utf8_bytes": 1148007,
        "seconds": 12.318079799995758,
        "protocol": "7506-mp1-wt2-v2",
        "split": "validation",
        "precision": "fp32",
        "threads": 4,
        "checkpoint": "C:\\Users\\23223\\mp1-challenge-20260919\\repo\\code\\runs\\stage3-long-baseline-s17\\checkpoint-best.pt",
        "checkpoint_sha256": "2e4b9e749796dc1d6d8a2e5aedc9482d961dcabd9740760e905f7ae117ba647d",
        "checkpoint_bytes": 4372037,
        "implementation_sha256": "6cce142a31d396f017319543f50d70f30fa6da740729af01c8baed13c6f671f9",
        "evaluator_sha256": "128bcb2dab0be0d427505bddb4671e3ab3a8f78e114be79a689c0f9029af133d",
        "tokenizer_sha256": "020d1bc6aa4449c4f352b2e03d0e0fb4f39287f15297705e421b1fa7d817262e",
        "parameters": 1088256,
        "platform": "Windows-11-10.0.26200-SP0",
        "torch_version": "2.7.1+cu126",
        "peak_rss_bytes": 1936199680,
        "peak_committed_bytes": 3085332480,
        "memory_measurement": "Windows GetProcessMemoryInfo: lifetime peak working set and commit"
      },
      {
        "bpb": 1.754262747787384,
        "token_ppl": 40.7185292524119,
        "nll_nats": 1395933.2064094555,
        "targets": 376599,
        "utf8_bytes": 1148007,
        "seconds": 12.264759999990929,
        "protocol": "7506-mp1-wt2-v2",
        "split": "validation",
        "precision": "fp32",
        "threads": 4,
        "checkpoint": "C:\\Users\\23223\\mp1-challenge-20260919\\repo\\code\\runs\\stage3-long-baseline-s17\\checkpoint-best.pt",
        "checkpoint_sha256": "2e4b9e749796dc1d6d8a2e5aedc9482d961dcabd9740760e905f7ae117ba647d",
        "checkpoint_bytes": 4372037,
        "implementation_sha256": "6cce142a31d396f017319543f50d70f30fa6da740729af01c8baed13c6f671f9",
        "evaluator_sha256": "128bcb2dab0be0d427505bddb4671e3ab3a8f78e114be79a689c0f9029af133d",
        "tokenizer_sha256": "020d1bc6aa4449c4f352b2e03d0e0fb4f39287f15297705e421b1fa7d817262e",
        "parameters": 1088256,
        "platform": "Windows-11-10.0.26200-SP0",
        "torch_version": "2.7.1+cu126",
        "peak_rss_bytes": 1935605760,
        "peak_committed_bytes": 3084918784,
        "memory_measurement": "Windows GetProcessMemoryInfo: lifetime peak working set and commit"
      }
    ]
  },
  "candidate": {
    "checkpoint": "C:\\Users\\23223\\mp1-challenge-20260919\\repo\\code\\runs\\stage15-mechanisms-s17\\preflight\\D-fp32-control.pt",
    "checkpoint_sha256": "8617768bb69c7510e9cef0f4e7d4aec57a77f6fcc40ca34ec5703459af138456",
    "implementation_sha256": "4a0e468b3070cb6d5ec7d7895c06f729ed331cb1dd705b9f126c1be0bdf97fb3",
    "checkpoint_bytes": 21006181,
    "parameters": 5247744,
    "bpb_runs": [
      3.6202064175639492,
      3.6202064175639492,
      3.6202064175639492
    ],
    "seconds_runs": [
      43.106289799994556,
      42.89948750002077,
      42.245348399999784
    ],
    "median_seconds": 42.89948750002077,
    "max_peak_rss_bytes": 1973530624,
    "runs": [
      {
        "bpb": 3.6202064175639492,
        "token_ppl": 2099.267151779486,
        "nll_nats": 2880735.1456947327,
        "targets": 376599,
        "utf8_bytes": 1148007,
        "seconds": 43.106289799994556,
        "protocol": "7506-mp1-wt2-v2",
        "split": "validation",
        "precision": "fp32",
        "threads": 4,
        "checkpoint": "C:\\Users\\23223\\mp1-challenge-20260919\\repo\\code\\runs\\stage15-mechanisms-s17\\preflight\\D-fp32-control.pt",
        "checkpoint_sha256": "8617768bb69c7510e9cef0f4e7d4aec57a77f6fcc40ca34ec5703459af138456",
        "checkpoint_bytes": 21006181,
        "implementation_sha256": "4a0e468b3070cb6d5ec7d7895c06f729ed331cb1dd705b9f126c1be0bdf97fb3",
        "evaluator_sha256": "128bcb2dab0be0d427505bddb4671e3ab3a8f78e114be79a689c0f9029af133d",
        "tokenizer_sha256": "020d1bc6aa4449c4f352b2e03d0e0fb4f39287f15297705e421b1fa7d817262e",
        "parameters": 5247744,
        "platform": "Windows-11-10.0.26200-SP0",
        "torch_version": "2.7.1+cu126",
        "peak_rss_bytes": 1972486144,
        "peak_committed_bytes": 3135008768,
        "memory_measurement": "Windows GetProcessMemoryInfo: lifetime peak working set and commit"
      },
      {
        "bpb": 3.6202064175639492,
        "token_ppl": 2099.267151779486,
        "nll_nats": 2880735.1456947327,
        "targets": 376599,
        "utf8_bytes": 1148007,
        "seconds": 42.89948750002077,
        "protocol": "7506-mp1-wt2-v2",
        "split": "validation",
        "precision": "fp32",
        "threads": 4,
        "checkpoint": "C:\\Users\\23223\\mp1-challenge-20260919\\repo\\code\\runs\\stage15-mechanisms-s17\\preflight\\D-fp32-control.pt",
        "checkpoint_sha256": "8617768bb69c7510e9cef0f4e7d4aec57a77f6fcc40ca34ec5703459af138456",
        "checkpoint_bytes": 21006181,
        "implementation_sha256": "4a0e468b3070cb6d5ec7d7895c06f729ed331cb1dd705b9f126c1be0bdf97fb3",
        "evaluator_sha256": "128bcb2dab0be0d427505bddb4671e3ab3a8f78e114be79a689c0f9029af133d",
        "tokenizer_sha256": "020d1bc6aa4449c4f352b2e03d0e0fb4f39287f15297705e421b1fa7d817262e",
        "parameters": 5247744,
        "platform": "Windows-11-10.0.26200-SP0",
        "torch_version": "2.7.1+cu126",
        "peak_rss_bytes": 1972944896,
        "peak_committed_bytes": 3135148032,
        "memory_measurement": "Windows GetProcessMemoryInfo: lifetime peak working set and commit"
      },
      {
        "bpb": 3.6202064175639492,
        "token_ppl": 2099.267151779486,
        "nll_nats": 2880735.1456947327,
        "targets": 376599,
        "utf8_bytes": 1148007,
        "seconds": 42.245348399999784,
        "protocol": "7506-mp1-wt2-v2",
        "split": "validation",
        "precision": "fp32",
        "threads": 4,
        "checkpoint": "C:\\Users\\23223\\mp1-challenge-20260919\\repo\\code\\runs\\stage15-mechanisms-s17\\preflight\\D-fp32-control.pt",
        "checkpoint_sha256": "8617768bb69c7510e9cef0f4e7d4aec57a77f6fcc40ca34ec5703459af138456",
        "checkpoint_bytes": 21006181,
        "implementation_sha256": "4a0e468b3070cb6d5ec7d7895c06f729ed331cb1dd705b9f126c1be0bdf97fb3",
        "evaluator_sha256": "128bcb2dab0be0d427505bddb4671e3ab3a8f78e114be79a689c0f9029af133d",
        "tokenizer_sha256": "020d1bc6aa4449c4f352b2e03d0e0fb4f39287f15297705e421b1fa7d817262e",
        "parameters": 5247744,
        "platform": "Windows-11-10.0.26200-SP0",
        "torch_version": "2.7.1+cu126",
        "peak_rss_bytes": 1973530624,
        "peak_committed_bytes": 3136499712,
        "memory_measurement": "Windows GetProcessMemoryInfo: lifetime peak working set and commit"
      }
    ]
  },
  "candidate_to_baseline_time_ratio": 3.482644064380517,
  "within_five_x_time_limit": true,
  "within_four_gib_peak_rss_limit": true,
  "memory_scope": "Entire fresh scoring process, including imports and fixed data loading",
  "asset_note": "Checkpoint bytes only; the final 64 MiB check must also include all inference assets.",
  "total_process_seconds": 274.3440516999981
}
