Measured baseline, repeat 1/3
Measured candidate, repeat 1/3
Measured candidate, repeat 2/3
Measured baseline, repeat 2/3
Measured baseline, repeat 3/3
Measured candidate, repeat 3/3
{
  "split": "validation",
  "device": "cpu",
  "precision": "fp32",
  "threads": 4,
  "repeats": 3,
  "baseline": {
    "checkpoint": "C:\\Users\\23223\\mp1-challenge-20260919\\repo\\code\\runs\\stage3-long-baseline-s17\\checkpoint-best.pt",
    "checkpoint_sha256": "2e4b9e749796dc1d6d8a2e5aedc9482d961dcabd9740760e905f7ae117ba647d",
    "implementation_sha256": "6cce142a31d396f017319543f50d70f30fa6da740729af01c8baed13c6f671f9",
    "checkpoint_bytes": 4372037,
    "parameters": 1088256,
    "bpb_runs": [
      1.754262747787384,
      1.754262747787384,
      1.754262747787384
    ],
    "seconds_runs": [
      12.336656000028597,
      12.285467499983497,
      12.352473600010853
    ],
    "median_seconds": 12.336656000028597,
    "max_peak_rss_bytes": 1936023552,
    "runs": [
      {
        "bpb": 1.754262747787384,
        "token_ppl": 40.7185292524119,
        "nll_nats": 1395933.2064094555,
        "targets": 376599,
        "utf8_bytes": 1148007,
        "seconds": 12.336656000028597,
        "protocol": "7506-mp1-wt2-v2",
        "split": "validation",
        "precision": "fp32",
        "threads": 4,
        "checkpoint": "C:\\Users\\23223\\mp1-challenge-20260919\\repo\\code\\runs\\stage3-long-baseline-s17\\checkpoint-best.pt",
        "checkpoint_sha256": "2e4b9e749796dc1d6d8a2e5aedc9482d961dcabd9740760e905f7ae117ba647d",
        "checkpoint_bytes": 4372037,
        "implementation_sha256": "6cce142a31d396f017319543f50d70f30fa6da740729af01c8baed13c6f671f9",
        "evaluator_sha256": "128bcb2dab0be0d427505bddb4671e3ab3a8f78e114be79a689c0f9029af133d",
        "tokenizer_sha256": "020d1bc6aa4449c4f352b2e03d0e0fb4f39287f15297705e421b1fa7d817262e",
        "parameters": 1088256,
        "platform": "Windows-11-10.0.26200-SP0",
        "torch_version": "2.7.1+cu126",
        "peak_rss_bytes": 1935396864,
        "peak_committed_bytes": 3084541952,
        "memory_measurement": "Windows GetProcessMemoryInfo: lifetime peak working set and commit"
      },
      {
        "bpb": 1.754262747787384,
        "token_ppl": 40.7185292524119,
        "nll_nats": 1395933.2064094555,
        "targets": 376599,
        "utf8_bytes": 1148007,
        "seconds": 12.285467499983497,
        "protocol": "7506-mp1-wt2-v2",
        "split": "validation",
        "precision": "fp32",
        "threads": 4,
        "checkpoint": "C:\\Users\\23223\\mp1-challenge-20260919\\repo\\code\\runs\\stage3-long-baseline-s17\\checkpoint-best.pt",
        "checkpoint_sha256": "2e4b9e749796dc1d6d8a2e5aedc9482d961dcabd9740760e905f7ae117ba647d",
        "checkpoint_bytes": 4372037,
        "implementation_sha256": "6cce142a31d396f017319543f50d70f30fa6da740729af01c8baed13c6f671f9",
        "evaluator_sha256": "128bcb2dab0be0d427505bddb4671e3ab3a8f78e114be79a689c0f9029af133d",
        "tokenizer_sha256": "020d1bc6aa4449c4f352b2e03d0e0fb4f39287f15297705e421b1fa7d817262e",
        "parameters": 1088256,
        "platform": "Windows-11-10.0.26200-SP0",
        "torch_version": "2.7.1+cu126",
        "peak_rss_bytes": 1935380480,
        "peak_committed_bytes": 3084582912,
        "memory_measurement": "Windows GetProcessMemoryInfo: lifetime peak working set and commit"
      },
      {
        "bpb": 1.754262747787384,
        "token_ppl": 40.7185292524119,
        "nll_nats": 1395933.2064094555,
        "targets": 376599,
        "utf8_bytes": 1148007,
        "seconds": 12.352473600010853,
        "protocol": "7506-mp1-wt2-v2",
        "split": "validation",
        "precision": "fp32",
        "threads": 4,
        "checkpoint": "C:\\Users\\23223\\mp1-challenge-20260919\\repo\\code\\runs\\stage3-long-baseline-s17\\checkpoint-best.pt",
        "checkpoint_sha256": "2e4b9e749796dc1d6d8a2e5aedc9482d961dcabd9740760e905f7ae117ba647d",
        "checkpoint_bytes": 4372037,
        "implementation_sha256": "6cce142a31d396f017319543f50d70f30fa6da740729af01c8baed13c6f671f9",
        "evaluator_sha256": "128bcb2dab0be0d427505bddb4671e3ab3a8f78e114be79a689c0f9029af133d",
        "tokenizer_sha256": "020d1bc6aa4449c4f352b2e03d0e0fb4f39287f15297705e421b1fa7d817262e",
        "parameters": 1088256,
        "platform": "Windows-11-10.0.26200-SP0",
        "torch_version": "2.7.1+cu126",
        "peak_rss_bytes": 1936023552,
        "peak_committed_bytes": 3084455936,
        "memory_measurement": "Windows GetProcessMemoryInfo: lifetime peak working set and commit"
      }
    ]
  },
  "candidate": {
    "checkpoint": "C:\\Users\\23223\\mp1-challenge-20260919\\repo\\code\\runs\\stage15-mechanisms-s17\\preflight\\F-copy-depth8.pt",
    "checkpoint_sha256": "b3aa8e7927bb277fbed6651d9666e7004bd181439a1a6494f7bc568e4c61be88",
    "implementation_sha256": "6bc2e61a2a53e25416bba3818b8bc41af72c1bef5221244306027ea7bf3faa18",
    "checkpoint_bytes": 27441449,
    "parameters": 6855169,
    "bpb_runs": [
      3.3822328992692134,
      3.3822328992692134,
      3.3822328992692134
    ],
    "seconds_runs": [
      59.87560430000303,
      60.280176599975675,
      59.230845099984435
    ],
    "median_seconds": 59.87560430000303,
    "max_peak_rss_bytes": 1987784704,
    "runs": [
      {
        "bpb": 3.3822328992692134,
        "token_ppl": 1269.6741511702717,
        "nll_nats": 2691370.618144512,
        "targets": 376599,
        "utf8_bytes": 1148007,
        "seconds": 59.87560430000303,
        "protocol": "7506-mp1-wt2-v2",
        "split": "validation",
        "precision": "fp32",
        "threads": 4,
        "checkpoint": "C:\\Users\\23223\\mp1-challenge-20260919\\repo\\code\\runs\\stage15-mechanisms-s17\\preflight\\F-copy-depth8.pt",
        "checkpoint_sha256": "b3aa8e7927bb277fbed6651d9666e7004bd181439a1a6494f7bc568e4c61be88",
        "checkpoint_bytes": 27441449,
        "implementation_sha256": "6bc2e61a2a53e25416bba3818b8bc41af72c1bef5221244306027ea7bf3faa18",
        "evaluator_sha256": "128bcb2dab0be0d427505bddb4671e3ab3a8f78e114be79a689c0f9029af133d",
        "tokenizer_sha256": "020d1bc6aa4449c4f352b2e03d0e0fb4f39287f15297705e421b1fa7d817262e",
        "parameters": 6855169,
        "platform": "Windows-11-10.0.26200-SP0",
        "torch_version": "2.7.1+cu126",
        "peak_rss_bytes": 1987784704,
        "peak_committed_bytes": 3159265280,
        "memory_measurement": "Windows GetProcessMemoryInfo: lifetime peak working set and commit"
      },
      {
        "bpb": 3.3822328992692134,
        "token_ppl": 1269.6741511702717,
        "nll_nats": 2691370.618144512,
        "targets": 376599,
        "utf8_bytes": 1148007,
        "seconds": 60.280176599975675,
        "protocol": "7506-mp1-wt2-v2",
        "split": "validation",
        "precision": "fp32",
        "threads": 4,
        "checkpoint": "C:\\Users\\23223\\mp1-challenge-20260919\\repo\\code\\runs\\stage15-mechanisms-s17\\preflight\\F-copy-depth8.pt",
        "checkpoint_sha256": "b3aa8e7927bb277fbed6651d9666e7004bd181439a1a6494f7bc568e4c61be88",
        "checkpoint_bytes": 27441449,
        "implementation_sha256": "6bc2e61a2a53e25416bba3818b8bc41af72c1bef5221244306027ea7bf3faa18",
        "evaluator_sha256": "128bcb2dab0be0d427505bddb4671e3ab3a8f78e114be79a689c0f9029af133d",
        "tokenizer_sha256": "020d1bc6aa4449c4f352b2e03d0e0fb4f39287f15297705e421b1fa7d817262e",
        "parameters": 6855169,
        "platform": "Windows-11-10.0.26200-SP0",
        "torch_version": "2.7.1+cu126",
        "peak_rss_bytes": 1987293184,
        "peak_committed_bytes": 3156783104,
        "memory_measurement": "Windows GetProcessMemoryInfo: lifetime peak working set and commit"
      },
      {
        "bpb": 3.3822328992692134,
        "token_ppl": 1269.6741511702717,
        "nll_nats": 2691370.618144512,
        "targets": 376599,
        "utf8_bytes": 1148007,
        "seconds": 59.230845099984435,
        "protocol": "7506-mp1-wt2-v2",
        "split": "validation",
        "precision": "fp32",
        "threads": 4,
        "checkpoint": "C:\\Users\\23223\\mp1-challenge-20260919\\repo\\code\\runs\\stage15-mechanisms-s17\\preflight\\F-copy-depth8.pt",
        "checkpoint_sha256": "b3aa8e7927bb277fbed6651d9666e7004bd181439a1a6494f7bc568e4c61be88",
        "checkpoint_bytes": 27441449,
        "implementation_sha256": "6bc2e61a2a53e25416bba3818b8bc41af72c1bef5221244306027ea7bf3faa18",
        "evaluator_sha256": "128bcb2dab0be0d427505bddb4671e3ab3a8f78e114be79a689c0f9029af133d",
        "tokenizer_sha256": "020d1bc6aa4449c4f352b2e03d0e0fb4f39287f15297705e421b1fa7d817262e",
        "parameters": 6855169,
        "platform": "Windows-11-10.0.26200-SP0",
        "torch_version": "2.7.1+cu126",
        "peak_rss_bytes": 1986580480,
        "peak_committed_bytes": 3156160512,
        "memory_measurement": "Windows GetProcessMemoryInfo: lifetime peak working set and commit"
      }
    ]
  },
  "candidate_to_baseline_time_ratio": 4.8534711756463205,
  "within_five_x_time_limit": true,
  "within_four_gib_peak_rss_limit": true,
  "memory_scope": "Entire fresh scoring process, including imports and fixed data loading",
  "asset_note": "Checkpoint bytes only; the final 64 MiB check must also include all inference assets.",
  "total_process_seconds": 324.0013055000163
}
