Measured baseline, repeat 1/3
Measured candidate, repeat 1/3
Measured candidate, repeat 2/3
Measured baseline, repeat 2/3
Measured baseline, repeat 3/3
Measured candidate, repeat 3/3
{
  "split": "validation",
  "device": "cpu",
  "precision": "fp32",
  "threads": 4,
  "repeats": 3,
  "baseline": {
    "checkpoint": "C:\\Users\\23223\\mp1-challenge-20260919\\repo\\code\\runs\\stage3-long-baseline-s17\\checkpoint-best.pt",
    "checkpoint_sha256": "2e4b9e749796dc1d6d8a2e5aedc9482d961dcabd9740760e905f7ae117ba647d",
    "implementation_sha256": "6cce142a31d396f017319543f50d70f30fa6da740729af01c8baed13c6f671f9",
    "checkpoint_bytes": 4372037,
    "parameters": 1088256,
    "bpb_runs": [
      1.754262747787384,
      1.754262747787384,
      1.754262747787384
    ],
    "seconds_runs": [
      12.795798099978128,
      12.254506099998252,
      12.329921800002921
    ],
    "median_seconds": 12.329921800002921,
    "max_peak_rss_bytes": 1935458304,
    "runs": [
      {
        "bpb": 1.754262747787384,
        "token_ppl": 40.7185292524119,
        "nll_nats": 1395933.2064094555,
        "targets": 376599,
        "utf8_bytes": 1148007,
        "seconds": 12.795798099978128,
        "protocol": "7506-mp1-wt2-v2",
        "split": "validation",
        "precision": "fp32",
        "threads": 4,
        "checkpoint": "C:\\Users\\23223\\mp1-challenge-20260919\\repo\\code\\runs\\stage3-long-baseline-s17\\checkpoint-best.pt",
        "checkpoint_sha256": "2e4b9e749796dc1d6d8a2e5aedc9482d961dcabd9740760e905f7ae117ba647d",
        "checkpoint_bytes": 4372037,
        "implementation_sha256": "6cce142a31d396f017319543f50d70f30fa6da740729af01c8baed13c6f671f9",
        "evaluator_sha256": "128bcb2dab0be0d427505bddb4671e3ab3a8f78e114be79a689c0f9029af133d",
        "tokenizer_sha256": "020d1bc6aa4449c4f352b2e03d0e0fb4f39287f15297705e421b1fa7d817262e",
        "parameters": 1088256,
        "platform": "Windows-11-10.0.26200-SP0",
        "torch_version": "2.7.1+cu126",
        "peak_rss_bytes": 1935089664,
        "peak_committed_bytes": 3083603968,
        "memory_measurement": "Windows GetProcessMemoryInfo: lifetime peak working set and commit"
      },
      {
        "bpb": 1.754262747787384,
        "token_ppl": 40.7185292524119,
        "nll_nats": 1395933.2064094555,
        "targets": 376599,
        "utf8_bytes": 1148007,
        "seconds": 12.254506099998252,
        "protocol": "7506-mp1-wt2-v2",
        "split": "validation",
        "precision": "fp32",
        "threads": 4,
        "checkpoint": "C:\\Users\\23223\\mp1-challenge-20260919\\repo\\code\\runs\\stage3-long-baseline-s17\\checkpoint-best.pt",
        "checkpoint_sha256": "2e4b9e749796dc1d6d8a2e5aedc9482d961dcabd9740760e905f7ae117ba647d",
        "checkpoint_bytes": 4372037,
        "implementation_sha256": "6cce142a31d396f017319543f50d70f30fa6da740729af01c8baed13c6f671f9",
        "evaluator_sha256": "128bcb2dab0be0d427505bddb4671e3ab3a8f78e114be79a689c0f9029af133d",
        "tokenizer_sha256": "020d1bc6aa4449c4f352b2e03d0e0fb4f39287f15297705e421b1fa7d817262e",
        "parameters": 1088256,
        "platform": "Windows-11-10.0.26200-SP0",
        "torch_version": "2.7.1+cu126",
        "peak_rss_bytes": 1935458304,
        "peak_committed_bytes": 3084632064,
        "memory_measurement": "Windows GetProcessMemoryInfo: lifetime peak working set and commit"
      },
      {
        "bpb": 1.754262747787384,
        "token_ppl": 40.7185292524119,
        "nll_nats": 1395933.2064094555,
        "targets": 376599,
        "utf8_bytes": 1148007,
        "seconds": 12.329921800002921,
        "protocol": "7506-mp1-wt2-v2",
        "split": "validation",
        "precision": "fp32",
        "threads": 4,
        "checkpoint": "C:\\Users\\23223\\mp1-challenge-20260919\\repo\\code\\runs\\stage3-long-baseline-s17\\checkpoint-best.pt",
        "checkpoint_sha256": "2e4b9e749796dc1d6d8a2e5aedc9482d961dcabd9740760e905f7ae117ba647d",
        "checkpoint_bytes": 4372037,
        "implementation_sha256": "6cce142a31d396f017319543f50d70f30fa6da740729af01c8baed13c6f671f9",
        "evaluator_sha256": "128bcb2dab0be0d427505bddb4671e3ab3a8f78e114be79a689c0f9029af133d",
        "tokenizer_sha256": "020d1bc6aa4449c4f352b2e03d0e0fb4f39287f15297705e421b1fa7d817262e",
        "parameters": 1088256,
        "platform": "Windows-11-10.0.26200-SP0",
        "torch_version": "2.7.1+cu126",
        "peak_rss_bytes": 1935441920,
        "peak_committed_bytes": 3084996608,
        "memory_measurement": "Windows GetProcessMemoryInfo: lifetime peak working set and commit"
      }
    ]
  },
  "candidate": {
    "checkpoint": "C:\\Users\\23223\\mp1-challenge-20260919\\repo\\code\\runs\\stage15-mechanisms-s17\\preflight\\G-copy-long.pt",
    "checkpoint_sha256": "e9d2fd460ab168e83c5168b26f63d5095e71d33469a141ecc5893b521af7e7a3",
    "implementation_sha256": "6bc2e61a2a53e25416bba3818b8bc41af72c1bef5221244306027ea7bf3faa18",
    "checkpoint_bytes": 21139365,
    "parameters": 5280769,
    "bpb_runs": [
      3.37970476866499,
      3.37970476866499,
      3.37970476866499
    ],
    "seconds_runs": [
      47.355335700005526,
      46.899021899997024,
      48.28025069998694
    ],
    "median_seconds": 47.355335700005526,
    "max_peak_rss_bytes": 1973198848,
    "runs": [
      {
        "bpb": 3.37970476866499,
        "token_ppl": 1262.9098463379335,
        "nll_nats": 2689358.8890206814,
        "targets": 376599,
        "utf8_bytes": 1148007,
        "seconds": 47.355335700005526,
        "protocol": "7506-mp1-wt2-v2",
        "split": "validation",
        "precision": "fp32",
        "threads": 4,
        "checkpoint": "C:\\Users\\23223\\mp1-challenge-20260919\\repo\\code\\runs\\stage15-mechanisms-s17\\preflight\\G-copy-long.pt",
        "checkpoint_sha256": "e9d2fd460ab168e83c5168b26f63d5095e71d33469a141ecc5893b521af7e7a3",
        "checkpoint_bytes": 21139365,
        "implementation_sha256": "6bc2e61a2a53e25416bba3818b8bc41af72c1bef5221244306027ea7bf3faa18",
        "evaluator_sha256": "128bcb2dab0be0d427505bddb4671e3ab3a8f78e114be79a689c0f9029af133d",
        "tokenizer_sha256": "020d1bc6aa4449c4f352b2e03d0e0fb4f39287f15297705e421b1fa7d817262e",
        "parameters": 5280769,
        "platform": "Windows-11-10.0.26200-SP0",
        "torch_version": "2.7.1+cu126",
        "peak_rss_bytes": 1973198848,
        "peak_committed_bytes": 3136176128,
        "memory_measurement": "Windows GetProcessMemoryInfo: lifetime peak working set and commit"
      },
      {
        "bpb": 3.37970476866499,
        "token_ppl": 1262.9098463379335,
        "nll_nats": 2689358.8890206814,
        "targets": 376599,
        "utf8_bytes": 1148007,
        "seconds": 46.899021899997024,
        "protocol": "7506-mp1-wt2-v2",
        "split": "validation",
        "precision": "fp32",
        "threads": 4,
        "checkpoint": "C:\\Users\\23223\\mp1-challenge-20260919\\repo\\code\\runs\\stage15-mechanisms-s17\\preflight\\G-copy-long.pt",
        "checkpoint_sha256": "e9d2fd460ab168e83c5168b26f63d5095e71d33469a141ecc5893b521af7e7a3",
        "checkpoint_bytes": 21139365,
        "implementation_sha256": "6bc2e61a2a53e25416bba3818b8bc41af72c1bef5221244306027ea7bf3faa18",
        "evaluator_sha256": "128bcb2dab0be0d427505bddb4671e3ab3a8f78e114be79a689c0f9029af133d",
        "tokenizer_sha256": "020d1bc6aa4449c4f352b2e03d0e0fb4f39287f15297705e421b1fa7d817262e",
        "parameters": 5280769,
        "platform": "Windows-11-10.0.26200-SP0",
        "torch_version": "2.7.1+cu126",
        "peak_rss_bytes": 1972514816,
        "peak_committed_bytes": 3134169088,
        "memory_measurement": "Windows GetProcessMemoryInfo: lifetime peak working set and commit"
      },
      {
        "bpb": 3.37970476866499,
        "token_ppl": 1262.9098463379335,
        "nll_nats": 2689358.8890206814,
        "targets": 376599,
        "utf8_bytes": 1148007,
        "seconds": 48.28025069998694,
        "protocol": "7506-mp1-wt2-v2",
        "split": "validation",
        "precision": "fp32",
        "threads": 4,
        "checkpoint": "C:\\Users\\23223\\mp1-challenge-20260919\\repo\\code\\runs\\stage15-mechanisms-s17\\preflight\\G-copy-long.pt",
        "checkpoint_sha256": "e9d2fd460ab168e83c5168b26f63d5095e71d33469a141ecc5893b521af7e7a3",
        "checkpoint_bytes": 21139365,
        "implementation_sha256": "6bc2e61a2a53e25416bba3818b8bc41af72c1bef5221244306027ea7bf3faa18",
        "evaluator_sha256": "128bcb2dab0be0d427505bddb4671e3ab3a8f78e114be79a689c0f9029af133d",
        "tokenizer_sha256": "020d1bc6aa4449c4f352b2e03d0e0fb4f39287f15297705e421b1fa7d817262e",
        "parameters": 5280769,
        "platform": "Windows-11-10.0.26200-SP0",
        "torch_version": "2.7.1+cu126",
        "peak_rss_bytes": 1972613120,
        "peak_committed_bytes": 3134791680,
        "memory_measurement": "Windows GetProcessMemoryInfo: lifetime peak working set and commit"
      }
    ]
  },
  "candidate_to_baseline_time_ratio": 3.84068418828044,
  "within_five_x_time_limit": true,
  "within_four_gib_peak_rss_limit": true,
  "memory_scope": "Entire fresh scoring process, including imports and fixed data loading",
  "asset_note": "Checkpoint bytes only; the final 64 MiB check must also include all inference assets.",
  "total_process_seconds": 290.2104857000231
}
