**********************
Windows PowerShell 脚本开始
开始时间: 20260922005918
用户名: FANXUHAO\23223
RunAs 用户: FANXUHAO\23223
配置名称: 
计算机: FANXUHAO (Microsoft Windows NT 10.0.26200.0)
主机应用程序: C:\WINDOWS\System32\WindowsPowerShell\v1.0\powershell.exe -NoProfile -NonInteractive -WindowStyle Hidden -ExecutionPolicy Bypass -File C:\Users\23223\mp1-challenge-20260919\repo\code\scripts\run_windows_job.ps1 -Job stage19 -RunId stage19-20260922-a
进程 ID: 61488
PSVersion: 5.1.26100.8875
PSEdition: Desktop
PSCompatibleVersions: 1.0, 2.0, 3.0, 4.0, 5.0, 5.1.26100.8875
BuildVersion: 10.0.26100.8875
CLRVersion: 4.0.30319.42000
WSManStackVersion: 3.0
PSRemotingProtocolVersion: 2.3
SerializationVersion: 1.1.0.1
**********************
已启动脚本，输出文件为 C:\Users\23223\mp1-challenge-20260919\repo\code\job-logs\stage19-20260922-a\console.log
OK      common.py
OK      evaluate.py
OK      model.py
OK      configs/baseline.json
OK      data/manifest.json
OK      data/tokenizer.json
OK      data/wikitext_train.txt
OK      data/wikitext_validation.txt
OK      data/wikitext_test.txt
OK      tests/test_contract.py
Traceback (most recent call last):
  File "C:\Users\23223\mp1-challenge-20260919\repo\code\scripts\profile_structured_cpu.py", line 82, in <module>
    main()
  File "C:\Users\23223\mp1-challenge-20260919\repo\code\scripts\profile_structured_cpu.py", line 41, in main
    if impl_sha != checkpoint["implementation_sha256"]:
                   ~~~~~~~~~~^^^^^^^^^^^^^^^^^^^^^^^^^
KeyError: 'implementation_sha256'
PS>TerminatingError():“Profile failed”
Profile failed
所在位置 C:\Users\23223\mp1-challenge-20260919\repo\code\scripts\run_stage19_windows.ps1:15 字符: 28
+ if ($LASTEXITCODE -ne 0) { throw "Profile failed" }
+                            ~~~~~~~~~~~~~~~~~~~~~~
    + CategoryInfo          : OperationStopped: (Profile failed:String) [], RuntimeException
    + FullyQualifiedErrorId : Profile failed
**********************
Windows PowerShell 脚本结束
结束时间: 20260922005923
**********************
