**********************
Windows PowerShell 脚本开始
开始时间: 20260922221149
用户名: FANXUHAO\23223
RunAs 用户: FANXUHAO\23223
配置名称: 
计算机: FANXUHAO (Microsoft Windows NT 10.0.26200.0)
主机应用程序: C:\WINDOWS\System32\WindowsPowerShell\v1.0\powershell.exe -NoProfile -NonInteractive -WindowStyle Hidden -ExecutionPolicy Bypass -File C:\Users\23223\mp1-challenge-20260919\repo\code\scripts\run_windows_job.ps1 -Job stage45 -RunId stage45-20260922-a
进程 ID: 71228
PSVersion: 5.1.26100.8875
PSEdition: Desktop
PSCompatibleVersions: 1.0, 2.0, 3.0, 4.0, 5.0, 5.1.26100.8875
BuildVersion: 10.0.26100.8875
CLRVersion: 4.0.30319.42000
WSManStackVersion: 3.0
PSRemotingProtocolVersion: 2.3
SerializationVersion: 1.1.0.1
**********************
已启动脚本，输出文件为 C:\Users\23223\mp1-challenge-20260919\repo\code\job-logs\stage45-20260922-a\console.log
OK      common.py
OK      evaluate.py
OK      model.py
OK      configs/baseline.json
OK      data/manifest.json
OK      data/tokenizer.json
OK      data/wikitext_train.txt
OK      data/wikitext_validation.txt
OK      data/wikitext_test.txt
OK      tests/test_contract.py
test_projection_parameter_budget_is_matched (tests.test_compute_reallocation.ComputeReallocationTests.test_projection_pa
rameter_budget_is_matched) ... ok

----------------------------------------------------------------------
Ran 1 test in 0.143s

OK
  "conservative_asset_bytes": 44529570,
  "cpu_ratio": 5.080119851361696,
  "peak_rss_bytes": 2051219456,
  "within_five_x_time_limit": false,
  "within_four_gib_peak_rss_limit": true,
  "within_64mib_asset_limit": true,
  "no_quality_claim": true,
  "new_gradient_targets": 0,
  "no_test_scoring": true,
  "pass": false
}

Stage45 complete: compute-reallocated width preflight; no test scoring.
**********************
Windows PowerShell 脚本结束
结束时间: 20260922221733
**********************
