**********************
Windows PowerShell 脚本开始
开始时间: 20260922184009
用户名: FANXUHAO\23223
RunAs 用户: FANXUHAO\23223
配置名称: 
计算机: FANXUHAO (Microsoft Windows NT 10.0.26200.0)
主机应用程序: C:\WINDOWS\System32\WindowsPowerShell\v1.0\powershell.exe -NoProfile -NonInteractive -WindowStyle Hidden -ExecutionPolicy Bypass -File C:\Users\23223\mp1-challenge-20260919\repo\code\scripts\run_windows_job.ps1 -Job stage26 -RunId stage26-20260922-a
进程 ID: 11216
PSVersion: 5.1.26100.8875
PSEdition: Desktop
PSCompatibleVersions: 1.0, 2.0, 3.0, 4.0, 5.0, 5.1.26100.8875
BuildVersion: 10.0.26100.8875
CLRVersion: 4.0.30319.42000
WSManStackVersion: 3.0
PSRemotingProtocolVersion: 2.3
SerializationVersion: 1.1.0.1
**********************
已启动脚本，输出文件为 C:\Users\23223\mp1-challenge-20260919\repo\code\job-logs\stage26-20260922-a\console.log
OK      common.py
OK      evaluate.py
OK      model.py
OK      configs/baseline.json
OK      data/manifest.json
OK      data/tokenizer.json
OK      data/wikitext_train.txt
OK      data/wikitext_validation.txt
OK      data/wikitext_test.txt
OK      tests/test_contract.py
test_base_initialization_and_rng_are_unchanged (tests.test_multi_token.MultiTokenTests.test_base_initialization_and_rng_
are_unchanged) ... ok
test_cuda_bf16_backward (tests.test_multi_token.MultiTokenTests.test_cuda_bf16_backward) ... ok
test_export_is_exact_and_auxiliary_state_is_removed (tests.test_multi_token.MultiTokenTests.test_export_is_exact_and_aux
iliary_state_is_removed) ... ok
test_invalid_configs_rejected (tests.test_multi_token.MultiTokenTests.test_invalid_configs_rejected) ... ok
test_training_loss_and_future_gradients (tests.test_multi_token.MultiTokenTests.test_training_loss_and_future_gradients)
 ... ok

----------------------------------------------------------------------
Ran 5 tests in 0.496s

OK
  "device": "cuda:0",
  "device_name": "NVIDIA GeForce RTX 3070 Ti Laptop GPU",
  "peak_allocated_gb": 2.021523968,
  "peak_reserved_gb": 2.18103808
}




Stage26 complete: training-only multi-token prediction; no test scoring.
**********************
Windows PowerShell 脚本结束
结束时间: 20260922185745
**********************
