**********************
Windows PowerShell 脚本开始
开始时间: 20260925201255
用户名: FANXUHAO\23223
RunAs 用户: FANXUHAO\23223
配置名称: 
计算机: FANXUHAO (Microsoft Windows NT 10.0.26200.0)
主机应用程序: C:\WINDOWS\System32\WindowsPowerShell\v1.0\powershell.exe -NoProfile -NonInteractive -WindowStyle Hidden -ExecutionPolicy Bypass -File C:\Users\23223\mp1-challenge-20260919\repo\code\scripts\run_stage165_pilot_windows.ps1
进程 ID: 85504
PSVersion: 5.1.26100.8875
PSEdition: Desktop
PSCompatibleVersions: 1.0, 2.0, 3.0, 4.0, 5.0, 5.1.26100.8875
BuildVersion: 10.0.26100.8875
CLRVersion: 4.0.30319.42000
WSManStackVersion: 3.0
PSRemotingProtocolVersion: 2.3
SerializationVersion: 1.1.0.1
**********************
OK      common.py
OK      evaluate.py
OK      model.py
OK      configs/baseline.json
OK      data/manifest.json
OK      data/tokenizer.json
OK      data/wikitext_train.txt
OK      data/wikitext_validation.txt
OK      data/wikitext_test.txt
OK      tests/test_contract.py
test_initial_weights_and_eval_are_exact_control (tests.test_stage165_position_mask.PositionMaskTests.test_initial_weight
s_and_eval_are_exact_control) ... ok
test_rdrop_has_finite_gradients (tests.test_stage165_position_mask.PositionMaskTests.test_rdrop_has_finite_gradients) ..
. ok
test_training_mask_is_whole_position_and_stochastic (tests.test_stage165_position_mask.PositionMaskTests.test_training_m
ask_is_whole_position_and_stochastic) ... ok

----------------------------------------------------------------------
Ran 3 tests in 0.597s

OK
    "seconds": 2.084255599998869
  },
  "checkpoint_sha256": "51abbbccb6150275b7be10918f4b835ef1c5d5d63c2e3086629e9d407310f7fb",
  "device": "cuda:0",
  "device_name": "NVIDIA GeForce RTX 3070 Ti Laptop GPU",
  "peak_allocated_gb": 5.648051712,
  "peak_reserved_gb": 5.985271808
}

**********************
Windows PowerShell 脚本结束
结束时间: 20260925202409
**********************
