**********************
Windows PowerShell 脚本开始
开始时间: 20260925205422
用户名: FANXUHAO\23223
RunAs 用户: FANXUHAO\23223
配置名称:
计算机: FANXUHAO (Microsoft Windows NT 10.0.26200.0)
主机应用程序: C:\WINDOWS\System32\WindowsPowerShell\v1.0\powershell.exe -NoProfile -NonInteractive -WindowStyle Hidden -ExecutionPolicy Bypass -File C:\Users\23223\mp1-challenge-20260919\repo\code\scripts\run_stage168_pilot_windows.ps1
进程 ID: 73252
PSVersion: 5.1.26100.8875
PSEdition: Desktop
PSCompatibleVersions: 1.0, 2.0, 3.0, 4.0, 5.0, 5.1.26100.8875
BuildVersion: 10.0.26100.8875
CLRVersion: 4.0.30319.42000
WSManStackVersion: 3.0
PSRemotingProtocolVersion: 2.3
SerializationVersion: 1.1.0.1
**********************
OK      common.py
OK      evaluate.py
OK      model.py
OK      configs/baseline.json
OK      data/manifest.json
OK      data/tokenizer.json
OK      data/wikitext_train.txt
OK      data/wikitext_validation.txt
OK      data/wikitext_test.txt
OK      tests/test_contract.py
test_exception_restores_parameters_and_skips_update (tests.test_stage168_sam_step.SAMTrainingStepTests.test_exception_re
stores_parameters_and_skips_update) ... ok
test_invalid_radius_is_rejected (tests.test_stage168_sam_step.SAMTrainingStepTests.test_invalid_radius_is_rejected) ...
ok
test_perturbation_has_fixed_radius_and_original_is_restored (tests.test_stage168_sam_step.SAMTrainingStepTests.test_pert
urbation_has_fixed_radius_and_original_is_restored) ... ok
test_stage54_initial_state_and_inference_are_unchanged (tests.test_stage168_sam_step.SAMTrainingStepTests.test_stage54_i
nitial_state_and_inference_are_unchanged) ... ok

----------------------------------------------------------------------
Ran 4 tests in 3.251s

OK
  "checkpoint_sha256": "17156f8bbd3476c6c076e3760639c24c565df9dc3f071c1f84f3e1d6a70bd903",
  "device": "cuda:0",
  "device_name": "NVIDIA GeForce RTX 3070 Ti Laptop GPU",
  "peak_allocated_gb": 5.740169728,
  "peak_reserved_gb": 6.085935104
}

**********************
Windows PowerShell 脚本结束
结束时间: 20260925211518
**********************
