**********************
Windows PowerShell 脚本开始
开始时间: 20260923185931
用户名: FANXUHAO\23223
RunAs 用户: FANXUHAO\23223
配置名称: 
计算机: FANXUHAO (Microsoft Windows NT 10.0.26200.0)
主机应用程序: C:\WINDOWS\System32\WindowsPowerShell\v1.0\powershell.exe -NoProfile -NonInteractive -WindowStyle Hidden -ExecutionPolicy Bypass -File C:\Users\23223\mp1-challenge-20260919\repo\code\scripts\run_windows_job.ps1 -Job stage67 -RunId stage67-20260923-a
进程 ID: 64192
PSVersion: 5.1.26100.8875
PSEdition: Desktop
PSCompatibleVersions: 1.0, 2.0, 3.0, 4.0, 5.0, 5.1.26100.8875
BuildVersion: 10.0.26100.8875
CLRVersion: 4.0.30319.42000
WSManStackVersion: 3.0
PSRemotingProtocolVersion: 2.3
SerializationVersion: 1.1.0.1
**********************
已启动脚本，输出文件为 C:\Users\23223\mp1-challenge-20260919\repo\code\job-logs\stage67-20260923-a\console.log
OK      common.py
OK      evaluate.py
OK      model.py
OK      configs/baseline.json
OK      data/manifest.json
OK      data/tokenizer.json
OK      data/wikitext_train.txt
OK      data/wikitext_validation.txt
OK      data/wikitext_test.txt
OK      tests/test_contract.py
test_only_bias_receives_gradient_and_output_is_normalized (tests.test_hybrid_conv_output_bias.HybridConvOutputBiasTests.
test_only_bias_receives_gradient_and_output_is_normalized) ... ok
test_zero_bias_matches_parent_without_rng_change (tests.test_hybrid_conv_output_bias.HybridConvOutputBiasTests.test_zero
_bias_matches_parent_without_rng_change) ... ok

----------------------------------------------------------------------
Ran 2 tests in 0.098s

OK
  },
  "observed_train_targets": 18066710,
  "train_seconds": 80.93058169994038,
  "validation_seconds": 12.180149200023152,
  "device": "cuda:0",
  "device_name": "NVIDIA GeForce RTX 3070 Ti Laptop GPU",
  "peak_allocated_gb": 1.248825856,
  "peak_reserved_gb": 1.954545664
}



Stage67 complete: train-only vocabulary intercept fit; no test scoring.
**********************
Windows PowerShell 脚本结束
结束时间: 20260923190257
**********************
