**********************
Windows PowerShell 脚本开始
开始时间: 20260925184024
用户名: FANXUHAO\23223
RunAs 用户: FANXUHAO\23223
配置名称: 
计算机: FANXUHAO (Microsoft Windows NT 10.0.26200.0)
主机应用程序: C:\WINDOWS\System32\WindowsPowerShell\v1.0\powershell.exe -NoProfile -NonInteractive -WindowStyle Hidden -ExecutionPolicy Bypass -File C:\Users\23223\mp1-challenge-20260919\repo\code\scripts\run_stage161_pilot_windows.ps1
进程 ID: 29756
PSVersion: 5.1.26100.8875
PSEdition: Desktop
PSCompatibleVersions: 1.0, 2.0, 3.0, 4.0, 5.0, 5.1.26100.8875
BuildVersion: 10.0.26100.8875
CLRVersion: 4.0.30319.42000
WSManStackVersion: 3.0
PSRemotingProtocolVersion: 2.3
SerializationVersion: 1.1.0.1
**********************
OK      common.py
OK      evaluate.py
OK      model.py
OK      configs/baseline.json
OK      data/manifest.json
OK      data/tokenizer.json
OK      data/wikitext_train.txt
OK      data/wikitext_validation.txt
OK      data/wikitext_test.txt
OK      tests/test_contract.py
    "seconds": 2.0465858000097796
  },
  "best_validation": {
    "step": 2400,
    "bpb": 1.5211441912300108,
    "token_ppl": 24.88122661152104,
    "nll_nats": 1210431.9555055525,
    "targets": 376599,
    "utf8_bytes": 1148007,
    "seconds": 2.0465858000097796
  },
  "endpoint_gain_vs_matched_control_bpb": -0.0011938226179890599,
  "pilot_gate_passed": false,
  "checkpoint_sha256": "abec6489c7813427b4b320e725c3e077e6b542d0255acc18235a5143c9249920",
  "device": "cuda:0",
  "device_name": "NVIDIA GeForce RTX 3070 Ti Laptop GPU",
  "peak_allocated_gb": 5.649748992,
  "peak_reserved_gb": 5.968494592
}

**********************
Windows PowerShell 脚本结束
结束时间: 20260925185143
**********************
