**********************
Windows PowerShell 脚本开始
开始时间: 20260923210635
用户名: FANXUHAO\23223
RunAs 用户: FANXUHAO\23223
配置名称: 
计算机: FANXUHAO (Microsoft Windows NT 10.0.26200.0)
主机应用程序: C:\WINDOWS\System32\WindowsPowerShell\v1.0\powershell.exe -NoProfile -NonInteractive -WindowStyle Hidden -ExecutionPolicy Bypass -File C:\Users\23223\mp1-challenge-20260919\repo\code\scripts\run_windows_job.ps1 -Job stage76 -RunId stage76-20260923-a
进程 ID: 73952
PSVersion: 5.1.26100.8875
PSEdition: Desktop
PSCompatibleVersions: 1.0, 2.0, 3.0, 4.0, 5.0, 5.1.26100.8875
BuildVersion: 10.0.26100.8875
CLRVersion: 4.0.30319.42000
WSManStackVersion: 3.0
PSRemotingProtocolVersion: 2.3
SerializationVersion: 1.1.0.1
**********************
已启动脚本，输出文件为 C:\Users\23223\mp1-challenge-20260919\repo\code\job-logs\stage76-20260923-a\console.log
OK      common.py
OK      evaluate.py
OK      model.py
OK      configs/baseline.json
OK      data/manifest.json
OK      data/tokenizer.json
OK      data/wikitext_train.txt
OK      data/wikitext_validation.txt
OK      data/wikitext_test.txt
OK      tests/test_contract.py
test_balanced_layout_is_causal (tests.test_hybrid_conv.HybridConvTests.test_balanced_layout_is_causal) ... ok
test_causality_and_normalization (tests.test_hybrid_conv.HybridConvTests.test_causality_and_normalization) ... ok
test_local_heavy_layout_is_causal (tests.test_hybrid_conv.HybridConvTests.test_local_heavy_layout_is_causal) ... ok
test_resource_adjusted_balanced_layout_is_causal (tests.test_hybrid_conv.HybridConvTests.test_resource_adjusted_balanced
_layout_is_causal) ... ok
test_training_gradients_and_export_equivalence (tests.test_hybrid_conv.HybridConvTests.test_training_gradients_and_expor
t_equivalence) ... ok
test_local_heavy_rdrop_export (tests.test_hybrid_conv_rdrop.HybridConvRDropTests.test_local_heavy_rdrop_export) ... ok
test_loss_gradients_and_exact_export (tests.test_hybrid_conv_rdrop.HybridConvRDropTests.test_loss_gradients_and_exact_ex
port) ... ok

----------------------------------------------------------------------
Ran 7 tests in 2.583s

OK
  "peak_allocated_gb": 5.124141056,
  "peak_reserved_gb": 5.32676608
}




Stage76 complete: balanced-hybrid low-LR continuation; no test scoring.
**********************
Windows PowerShell 脚本结束
结束时间: 20260923213030
**********************
