**********************
Windows PowerShell 脚本开始
开始时间: 20260922190435
用户名: FANXUHAO\23223
RunAs 用户: FANXUHAO\23223
配置名称: 
计算机: FANXUHAO (Microsoft Windows NT 10.0.26200.0)
主机应用程序: C:\WINDOWS\System32\WindowsPowerShell\v1.0\powershell.exe -NoProfile -NonInteractive -WindowStyle Hidden -ExecutionPolicy Bypass -File C:\Users\23223\mp1-challenge-20260919\repo\code\scripts\run_windows_job.ps1 -Job stage30 -RunId stage30-20260922-a
进程 ID: 57468
PSVersion: 5.1.26100.8875
PSEdition: Desktop
PSCompatibleVersions: 1.0, 2.0, 3.0, 4.0, 5.0, 5.1.26100.8875
BuildVersion: 10.0.26100.8875
CLRVersion: 4.0.30319.42000
WSManStackVersion: 3.0
PSRemotingProtocolVersion: 2.3
SerializationVersion: 1.1.0.1
**********************
已启动脚本，输出文件为 C:\Users\23223\mp1-challenge-20260919\repo\code\job-logs\stage30-20260922-a\console.log
OK      common.py
OK      evaluate.py
OK      model.py
OK      configs/baseline.json
OK      data/manifest.json
OK      data/tokenizer.json
OK      data/wikitext_train.txt
OK      data/wikitext_validation.txt
OK      data/wikitext_test.txt
OK      tests/test_contract.py
      "nll_nats": 1157390.8318655342,
      "bpb": 1.4544876586142403
    }
  ],
  "best": {
    "weight": 0.125,
    "nll_nats": 1152943.1647576168,
    "bpb": 1.448898296110251
  },
  "targets": 376599,
  "utf8_bytes": 1148007,
  "seconds": 63.168986100004986,
  "new_gradient_targets": 0,
  "note": "Fixed validation grid; Stage26 neural and train-only modified-KN counts. No test scoring.",
  "checkpoint_sha256": "3847ff751554be8f22e71882046e91924db590b2bac4df1ac489796625fee817",
  "checkpoint_bytes": 44053706,
  "official_bpb": 1.4488982961102603
}

Stage30 complete: Stage26 plus fixed modified-KN validation scan; no test scoring.
**********************
Windows PowerShell 脚本结束
结束时间: 20260922190712
**********************
