**********************
Windows PowerShell 脚本开始
开始时间: 20260922213054
用户名: FANXUHAO\23223
RunAs 用户: FANXUHAO\23223
配置名称: 
计算机: FANXUHAO (Microsoft Windows NT 10.0.26200.0)
主机应用程序: C:\WINDOWS\System32\WindowsPowerShell\v1.0\powershell.exe -NoProfile -NonInteractive -WindowStyle Hidden -ExecutionPolicy Bypass -File C:\Users\23223\mp1-challenge-20260919\repo\code\scripts\run_windows_job.ps1 -Job stage43 -RunId stage43-20260922-a
进程 ID: 57584
PSVersion: 5.1.26100.8875
PSEdition: Desktop
PSCompatibleVersions: 1.0, 2.0, 3.0, 4.0, 5.0, 5.1.26100.8875
BuildVersion: 10.0.26100.8875
CLRVersion: 4.0.30319.42000
WSManStackVersion: 3.0
PSRemotingProtocolVersion: 2.3
SerializationVersion: 1.1.0.1
**********************
已启动脚本，输出文件为 C:\Users\23223\mp1-challenge-20260919\repo\code\job-logs\stage43-20260922-a\console.log
OK      common.py
OK      evaluate.py
OK      model.py
OK      configs/baseline.json
OK      data/manifest.json
OK      data/tokenizer.json
OK      data/wikitext_train.txt
OK      data/wikitext_validation.txt
OK      data/wikitext_test.txt
OK      tests/test_contract.py
test_padding_is_ignored (tests.test_exact_local_cache.ExactLocalCacheTests.test_padding_is_ignored) ... ok
test_successor_alignment_and_longest_order (tests.test_exact_local_cache.ExactLocalCacheTests.test_successor_alignment_a
nd_longest_order) ... ok

----------------------------------------------------------------------
Ran 2 tests in 0.003s

OK
      "bpb": 1.464359905856559
    }
  ],
  "targets": 376599,
  "utf8_bytes": 1148007,
  "seconds": 42.37159200001042,
  "target_only_scoring_of_fixed_normalized_expert": true,
  "no_validation_gradient_updates": true,
  "no_test_scoring": true
}

Stage43 complete: exact local-cache validation diagnostic; no test scoring.
**********************
Windows PowerShell 脚本结束
结束时间: 20260922213159
**********************
