**********************
Windows PowerShell 脚本开始
开始时间: 20260925150502
用户名: FANXUHAO\23223
RunAs 用户: FANXUHAO\23223
配置名称:
计算机: FANXUHAO (Microsoft Windows NT 10.0.26200.0)
主机应用程序: C:\WINDOWS\System32\WindowsPowerShell\v1.0\powershell.exe -NoProfile -NonInteractive -WindowStyle Hidden -ExecutionPolicy Bypass -File C:\Users\23223\mp1-challenge-20260919\repo\code\scripts\run_stage150_pilot_windows.ps1
进程 ID: 78228
PSVersion: 5.1.26100.8875
PSEdition: Desktop
PSCompatibleVersions: 1.0, 2.0, 3.0, 4.0, 5.0, 5.1.26100.8875
BuildVersion: 10.0.26100.8875
CLRVersion: 4.0.30319.42000
WSManStackVersion: 3.0
PSRemotingProtocolVersion: 2.3
SerializationVersion: 1.1.0.1
**********************
OK      common.py
OK      evaluate.py
OK      model.py
OK      configs/baseline.json
OK      data/manifest.json
OK      data/tokenizer.json
OK      data/wikitext_train.txt
OK      data/wikitext_validation.txt
OK      data/wikitext_test.txt
OK      tests/test_contract.py
test_local_heavy_rdrop_export (tests.test_hybrid_conv_rdrop.HybridConvRDropTests.test_local_heavy_rdrop_export) ... ok
test_loss_gradients_and_exact_export (tests.test_hybrid_conv_rdrop.HybridConvRDropTests.test_loss_gradients_and_exact_ex
port) ... ok

----------------------------------------------------------------------
Ran 2 tests in 0.744s

OK
    "nll_nats": 1200325.0417644675,
    "targets": 376599,
    "utf8_bytes": 1148007,
    "seconds": 2.494035999989137
  },
  "checkpoint_sha256": "2444c05aaa47189586a756f84f87c9f047f5168e5f9994379fde8656ed785590",
  "device": "cuda:0",
  "device_name": "NVIDIA GeForce RTX 3070 Ti Laptop GPU",
  "peak_allocated_gb": 6.500787712,
  "peak_reserved_gb": 6.861881344
}

**********************
Windows PowerShell 脚本结束
结束时间: 20260925151806
**********************
