**********************
Windows PowerShell 脚本开始
开始时间: 20260922213258
用户名: FANXUHAO\23223
RunAs 用户: FANXUHAO\23223
配置名称: 
计算机: FANXUHAO (Microsoft Windows NT 10.0.26200.0)
主机应用程序: C:\WINDOWS\System32\WindowsPowerShell\v1.0\powershell.exe -NoProfile -NonInteractive -WindowStyle Hidden -ExecutionPolicy Bypass -File C:\Users\23223\mp1-challenge-20260919\repo\code\scripts\run_windows_job.ps1 -Job stage42 -RunId stage42-20260922-a
进程 ID: 37628
PSVersion: 5.1.26100.8875
PSEdition: Desktop
PSCompatibleVersions: 1.0, 2.0, 3.0, 4.0, 5.0, 5.1.26100.8875
BuildVersion: 10.0.26100.8875
CLRVersion: 4.0.30319.42000
WSManStackVersion: 3.0
PSRemotingProtocolVersion: 2.3
SerializationVersion: 1.1.0.1
**********************
已启动脚本，输出文件为 C:\Users\23223\mp1-challenge-20260919\repo\code\job-logs\stage42-20260922-a\console.log
OK      common.py
OK      evaluate.py
OK      model.py
OK      configs/baseline.json
OK      data/manifest.json
OK      data/tokenizer.json
OK      data/wikitext_train.txt
OK      data/wikitext_validation.txt
OK      data/wikitext_test.txt
OK      tests/test_contract.py
test_composition_receives_finite_nonzero_gradients (tests.test_byte_composed.ByteComposedTests.test_composition_receives
_finite_nonzero_gradients) ... ok
test_full_parameter_increment_is_training_only (tests.test_byte_composed.ByteComposedTests.test_full_parameter_increment
_is_training_only) ... ok
test_materialized_export_is_exact (tests.test_byte_composed.ByteComposedTests.test_materialized_export_is_exact) ... ok
test_reversible_byte_mapping (tests.test_byte_composed.ByteComposedTests.test_reversible_byte_mapping) ... ok
test_zero_initialized_model_matches_parent_and_rng (tests.test_byte_composed.ByteComposedTests.test_zero_initialized_mod
el_matches_parent_and_rng) ... ok

----------------------------------------------------------------------
Ran 5 tests in 0.680s

OK
  "device": "cuda:0",
  "device_name": "NVIDIA GeForce RTX 3070 Ti Laptop GPU",
  "peak_allocated_gb": 2.042983936,
  "peak_reserved_gb": 2.124414976
}




Stage42 complete: byte-composed embedding ablation; no test scoring.
**********************
Windows PowerShell 脚本结束
结束时间: 20260922215049
**********************
